Archive member included because of file (symbol)

../lib/libxc.a(bzero.o)       ../device/loopback/loopbackOpen.o (bzero)
../lib/libxc.a(ctype_.o)      ../device/tty/ttyRead.o (_ctype_)
../lib/libxc.a(doprnt.o)      ../device/uart-arm-qemu/kprintf.o (_doprnt)
../lib/libxc.a(fprintf.o)     ../system/debug.o (fprintf)
../lib/libxc.a(memcpy.o)      ../system/tar.o (memcpy)
../lib/libxc.a(printf.o)      ../system/platforms/arm-qemu/test.o (printf)
../lib/libxc.a(strncmp.o)     ../system/getdev.o (strncmp)
../lib/libxc.a(strncpy.o)     ../system/platforms/arm-qemu/create.o (strncpy)
/usr/local/lib/gcc/arm-none-eabi/4.6.3//libgcc.a(_udivsi3.o)
                              ../mailbox/mailboxReceive.o (__aeabi_uidivmod)
/usr/local/lib/gcc/arm-none-eabi/4.6.3//libgcc.a(_divsi3.o)
                              ../lib/libxc.a(doprnt.o) (__aeabi_idiv)
/usr/local/lib/gcc/arm-none-eabi/4.6.3//libgcc.a(_dvmd_tls.o)
                              /usr/local/lib/gcc/arm-none-eabi/4.6.3//libgcc.a(_udivsi3.o) (__aeabi_idiv0)

Discarded input sections

 .data          0x00000000        0x0 ../loader/platforms/arm-qemu/start.o
 .bss           0x00000000        0x0 ../loader/platforms/arm-qemu/start.o
 .data          0x00000000        0x0 ../system/platforms/arm-qemu/ctxsw.o
 .bss           0x00000000        0x0 ../system/platforms/arm-qemu/ctxsw.o
 .text          0x00000000       0x10 ../system/platforms/arm-qemu/pause.o
 .data          0x00000000        0x0 ../system/platforms/arm-qemu/pause.o
 .bss           0x00000000        0x0 ../system/platforms/arm-qemu/pause.o
 .stab          0x00000000       0x30 ../system/platforms/arm-qemu/pause.o
                                 0x3c (size before relaxing)
 .ARM.attributes
                0x00000000       0x16 ../system/platforms/arm-qemu/pause.o
 .data          0x00000000        0x0 ../device/uart-arm-qemu/usleep.o
 .bss           0x00000000        0x0 ../device/uart-arm-qemu/usleep.o
 .text          0x00000000        0x0 ../system/platforms/arm-qemu/debug.o
 .data          0x00000000        0x0 ../system/platforms/arm-qemu/debug.o
 .bss           0x00000000        0x0 ../system/platforms/arm-qemu/debug.o
 .text.die      0x00000000       0x68 ../system/platforms/arm-qemu/debug.o
 .text          0x00000000        0x0 ../system/platforms/arm-qemu/debugret.o
 .data          0x00000000        0x0 ../system/platforms/arm-qemu/debugret.o
 .bss           0x00000000        0x0 ../system/platforms/arm-qemu/debugret.o
 .text          0x00000000        0x0 ../system/platforms/arm-qemu/create.o
 .data          0x00000000        0x0 ../system/platforms/arm-qemu/create.o
 .text          0x00000000        0x0 ../system/platforms/arm-qemu/handlers.o
 .data          0x00000000        0x0 ../system/platforms/arm-qemu/handlers.o
 .bss           0x00000000        0x0 ../system/platforms/arm-qemu/handlers.o
 .text          0x00000000        0x0 ../system/platforms/arm-qemu/interrupt.o
 .data          0x00000000        0x0 ../system/platforms/arm-qemu/interrupt.o
 .bss           0x00000000        0x0 ../system/platforms/arm-qemu/interrupt.o
 .text.disable_irq
                0x00000000       0x30 ../system/platforms/arm-qemu/interrupt.o
 .text.an_interrupt_handler
                0x00000000        0x4 ../system/platforms/arm-qemu/interrupt.o
 .text          0x00000000        0x0 ../system/platforms/arm-qemu/platforminit.o
 .data          0x00000000        0x0 ../system/platforms/arm-qemu/platforminit.o
 .bss           0x00000000        0x0 ../system/platforms/arm-qemu/platforminit.o
 .text          0x00000000        0x0 ../system/platforms/arm-qemu/stubs.o
 .data          0x00000000        0x0 ../system/platforms/arm-qemu/stubs.o
 .bss           0x00000000        0x0 ../system/platforms/arm-qemu/stubs.o
 .text          0x00000000        0x0 ../system/platforms/arm-qemu/vic.o
 .bss           0x00000000        0x0 ../system/platforms/arm-qemu/vic.o
 .text.vic_disable_irq
                0x00000000       0x2c ../system/platforms/arm-qemu/vic.o
 .text.get_irq  0x00000000       0x2c ../system/platforms/arm-qemu/vic.o
 .text          0x00000000        0x0 ../system/platforms/arm-qemu/timer.o
 .text          0x00000000        0x0 ../system/platforms/arm-qemu/mem.o
 .data          0x00000000        0x0 ../system/platforms/arm-qemu/mem.o
 .bss           0x00000000        0x0 ../system/platforms/arm-qemu/mem.o
 .text          0x00000000        0x0 ../system/platforms/arm-qemu/test.o
 .data          0x00000000        0x0 ../system/platforms/arm-qemu/test.o
 .text.thr      0x00000000       0x54 ../system/platforms/arm-qemu/test.o
 .text.thr3     0x00000000      0x158 ../system/platforms/arm-qemu/test.o
 .text.thr2     0x00000000      0x188 ../system/platforms/arm-qemu/test.o
 .text.threadTest
                0x00000000       0xf4 ../system/platforms/arm-qemu/test.o
 .text          0x00000000        0x0 ../system/initialize.o
 .data          0x00000000        0x0 ../system/initialize.o
 .text          0x00000000        0x0 ../system/queue.o
 .data          0x00000000        0x0 ../system/queue.o
 .text          0x00000000        0x0 ../system/kill.o
 .data          0x00000000        0x0 ../system/kill.o
 .bss           0x00000000        0x0 ../system/kill.o
 .text          0x00000000        0x0 ../system/ready.o
 .data          0x00000000        0x0 ../system/ready.o
 .bss           0x00000000        0x0 ../system/ready.o
 .text          0x00000000        0x0 ../system/resched.o
 .data          0x00000000        0x0 ../system/resched.o
 .text          0x00000000        0x0 ../system/resume.o
 .data          0x00000000        0x0 ../system/resume.o
 .bss           0x00000000        0x0 ../system/resume.o
 .stab          0x00000000      0x3e4 ../system/resume.o
                                0x57c (size before relaxing)
 .text.resume   0x00000000       0xdc ../system/resume.o
 .comment       0x00000000       0x31 ../system/resume.o
 .ARM.attributes
                0x00000000       0x32 ../system/resume.o
 .text          0x00000000        0x0 ../system/suspend.o
 .data          0x00000000        0x0 ../system/suspend.o
 .bss           0x00000000        0x0 ../system/suspend.o
 .stab          0x00000000      0x444 ../system/suspend.o
                                0x5dc (size before relaxing)
 .text.suspend  0x00000000      0x124 ../system/suspend.o
 .comment       0x00000000       0x31 ../system/suspend.o
 .ARM.attributes
                0x00000000       0x32 ../system/suspend.o
 .text          0x00000000        0x0 ../system/chprio.o
 .data          0x00000000        0x0 ../system/chprio.o
 .bss           0x00000000        0x0 ../system/chprio.o
 .stab          0x00000000      0x3e4 ../system/chprio.o
                                0x57c (size before relaxing)
 .text.chprio   0x00000000       0xd0 ../system/chprio.o
 .comment       0x00000000       0x31 ../system/chprio.o
 .ARM.attributes
                0x00000000       0x32 ../system/chprio.o
 .text          0x00000000        0x0 ../system/getprio.o
 .data          0x00000000        0x0 ../system/getprio.o
 .bss           0x00000000        0x0 ../system/getprio.o
 .stab          0x00000000      0x3b4 ../system/getprio.o
                                0x54c (size before relaxing)
 .text.getprio  0x00000000       0xd4 ../system/getprio.o
 .comment       0x00000000       0x31 ../system/getprio.o
 .ARM.attributes
                0x00000000       0x32 ../system/getprio.o
 .text          0x00000000        0x0 ../system/getitem.o
 .data          0x00000000        0x0 ../system/getitem.o
 .bss           0x00000000        0x0 ../system/getitem.o
 .text.getlast  0x00000000       0xd4 ../system/getitem.o
 .text          0x00000000        0x0 ../system/queinit.o
 .bss           0x00000000        0x0 ../system/queinit.o
 .text          0x00000000        0x0 ../system/insert.o
 .data          0x00000000        0x0 ../system/insert.o
 .bss           0x00000000        0x0 ../system/insert.o
 .text          0x00000000        0x0 ../system/gettid.o
 .data          0x00000000        0x0 ../system/gettid.o
 .bss           0x00000000        0x0 ../system/gettid.o
 .text          0x00000000        0x0 ../system/xdone.o
 .data          0x00000000        0x0 ../system/xdone.o
 .bss           0x00000000        0x0 ../system/xdone.o
 .text          0x00000000        0x0 ../system/yield.o
 .data          0x00000000        0x0 ../system/yield.o
 .bss           0x00000000        0x0 ../system/yield.o
 .stab          0x00000000      0x36c ../system/yield.o
                                0x504 (size before relaxing)
 .text.yield    0x00000000       0x30 ../system/yield.o
 .comment       0x00000000       0x31 ../system/yield.o
 .ARM.attributes
                0x00000000       0x32 ../system/yield.o
 .text          0x00000000        0x0 ../system/userret.o
 .data          0x00000000        0x0 ../system/userret.o
 .bss           0x00000000        0x0 ../system/userret.o
 .stab          0x00000000      0x324 ../system/userret.o
                                0x4bc (size before relaxing)
 .text.userret  0x00000000       0x1c ../system/userret.o
 .comment       0x00000000       0x31 ../system/userret.o
 .ARM.attributes
                0x00000000       0x32 ../system/userret.o
 .text          0x00000000        0x0 ../system/clkinit.o
 .data          0x00000000        0x0 ../system/clkinit.o
 .text          0x00000000        0x0 ../system/clkhandler.o
 .data          0x00000000        0x0 ../system/clkhandler.o
 .bss           0x00000000        0x0 ../system/clkhandler.o
 .stab          0x00000000      0x378 ../system/clkhandler.o
                                0x510 (size before relaxing)
 .text.clkhandler
                0x00000000      0x140 ../system/clkhandler.o
 .comment       0x00000000       0x31 ../system/clkhandler.o
 .ARM.attributes
                0x00000000       0x32 ../system/clkhandler.o
 .text          0x00000000        0x0 ../system/insertd.o
 .data          0x00000000        0x0 ../system/insertd.o
 .bss           0x00000000        0x0 ../system/insertd.o
 .stab          0x00000000      0x450 ../system/insertd.o
                                0x5e8 (size before relaxing)
 .text.insertd  0x00000000      0x2f0 ../system/insertd.o
 .comment       0x00000000       0x31 ../system/insertd.o
 .ARM.attributes
                0x00000000       0x32 ../system/insertd.o
 .text          0x00000000        0x0 ../system/sleep.o
 .data          0x00000000        0x0 ../system/sleep.o
 .bss           0x00000000        0x0 ../system/sleep.o
 .stab          0x00000000      0x3d8 ../system/sleep.o
                                0x570 (size before relaxing)
 .text.sleep    0x00000000       0xfc ../system/sleep.o
 .comment       0x00000000       0x31 ../system/sleep.o
 .ARM.attributes
                0x00000000       0x32 ../system/sleep.o
 .text          0x00000000        0x0 ../system/unsleep.o
 .data          0x00000000        0x0 ../system/unsleep.o
 .bss           0x00000000        0x0 ../system/unsleep.o
 .text          0x00000000        0x0 ../system/wakeup.o
 .data          0x00000000        0x0 ../system/wakeup.o
 .bss           0x00000000        0x0 ../system/wakeup.o
 .stab          0x00000000      0x354 ../system/wakeup.o
                                0x4ec (size before relaxing)
 .text.wakeup   0x00000000       0xd4 ../system/wakeup.o
 .comment       0x00000000       0x31 ../system/wakeup.o
 .ARM.attributes
                0x00000000       0x32 ../system/wakeup.o
 .text          0x00000000        0x0 ../system/semcreate.o
 .data          0x00000000        0x0 ../system/semcreate.o
 .text          0x00000000        0x0 ../system/semfree.o
 .data          0x00000000        0x0 ../system/semfree.o
 .bss           0x00000000        0x0 ../system/semfree.o
 .stab          0x00000000      0x408 ../system/semfree.o
                                0x5a0 (size before relaxing)
 .text.semfree  0x00000000      0x108 ../system/semfree.o
 .comment       0x00000000       0x31 ../system/semfree.o
 .ARM.attributes
                0x00000000       0x32 ../system/semfree.o
 .text          0x00000000        0x0 ../system/semcount.o
 .data          0x00000000        0x0 ../system/semcount.o
 .bss           0x00000000        0x0 ../system/semcount.o
 .text          0x00000000        0x0 ../system/signal.o
 .data          0x00000000        0x0 ../system/signal.o
 .bss           0x00000000        0x0 ../system/signal.o
 .text          0x00000000        0x0 ../system/signaln.o
 .data          0x00000000        0x0 ../system/signaln.o
 .bss           0x00000000        0x0 ../system/signaln.o
 .text          0x00000000        0x0 ../system/wait.o
 .data          0x00000000        0x0 ../system/wait.o
 .bss           0x00000000        0x0 ../system/wait.o
 .text          0x00000000        0x0 ../system/memget.o
 .data          0x00000000        0x0 ../system/memget.o
 .bss           0x00000000        0x0 ../system/memget.o
 .stab          0x00000000      0x450 ../system/memget.o
                                0x540 (size before relaxing)
 .text.memget   0x00000000      0x11c ../system/memget.o
 .comment       0x00000000       0x31 ../system/memget.o
 .ARM.attributes
                0x00000000       0x32 ../system/memget.o
 .text          0x00000000        0x0 ../system/memfree.o
 .data          0x00000000        0x0 ../system/memfree.o
 .bss           0x00000000        0x0 ../system/memfree.o
 .text          0x00000000        0x0 ../system/stkget.o
 .data          0x00000000        0x0 ../system/stkget.o
 .bss           0x00000000        0x0 ../system/stkget.o
 .text          0x00000000        0x0 ../system/bfpalloc.o
 .data          0x00000000        0x0 ../system/bfpalloc.o
 .bss           0x00000000        0x0 ../system/bfpalloc.o
 .stab          0x00000000      0x51c ../system/bfpalloc.o
                                0x6a8 (size before relaxing)
 .text.bfpalloc
                0x00000000      0x1f8 ../system/bfpalloc.o
 .comment       0x00000000       0x31 ../system/bfpalloc.o
 .ARM.attributes
                0x00000000       0x32 ../system/bfpalloc.o
 .text          0x00000000        0x0 ../system/bfpfree.o
 .data          0x00000000        0x0 ../system/bfpfree.o
 .bss           0x00000000        0x0 ../system/bfpfree.o
 .stab          0x00000000      0x3f0 ../system/bfpfree.o
                                0x57c (size before relaxing)
 .text.bfpfree  0x00000000      0x120 ../system/bfpfree.o
 .comment       0x00000000       0x31 ../system/bfpfree.o
 .ARM.attributes
                0x00000000       0x32 ../system/bfpfree.o
 .text          0x00000000        0x0 ../system/bufget.o
 .data          0x00000000        0x0 ../system/bufget.o
 .bss           0x00000000        0x0 ../system/bufget.o
 .stab          0x00000000      0x3cc ../system/bufget.o
                                0x540 (size before relaxing)
 .text.bufget   0x00000000       0xe0 ../system/bufget.o
 .comment       0x00000000       0x31 ../system/bufget.o
 .ARM.attributes
                0x00000000       0x32 ../system/bufget.o
 .text          0x00000000        0x0 ../system/buffree.o
 .data          0x00000000        0x0 ../system/buffree.o
 .bss           0x00000000        0x0 ../system/buffree.o
 .stab          0x00000000      0x3e4 ../system/buffree.o
                                0x558 (size before relaxing)
 .text.buffree  0x00000000      0x110 ../system/buffree.o
 .comment       0x00000000       0x31 ../system/buffree.o
 .ARM.attributes
                0x00000000       0x32 ../system/buffree.o
 .text          0x00000000        0x0 ../system/send.o
 .data          0x00000000        0x0 ../system/send.o
 .bss           0x00000000        0x0 ../system/send.o
 .text          0x00000000        0x0 ../system/receive.o
 .data          0x00000000        0x0 ../system/receive.o
 .bss           0x00000000        0x0 ../system/receive.o
 .stab          0x00000000      0x3c0 ../system/receive.o
                                0x558 (size before relaxing)
 .text.receive  0x00000000       0x8c ../system/receive.o
 .comment       0x00000000       0x31 ../system/receive.o
 .ARM.attributes
                0x00000000       0x32 ../system/receive.o
 .text          0x00000000        0x0 ../system/recvclr.o
 .data          0x00000000        0x0 ../system/recvclr.o
 .bss           0x00000000        0x0 ../system/recvclr.o
 .stab          0x00000000      0x3b4 ../system/recvclr.o
                                0x54c (size before relaxing)
 .text.recvclr  0x00000000       0x8c ../system/recvclr.o
 .comment       0x00000000       0x31 ../system/recvclr.o
 .ARM.attributes
                0x00000000       0x32 ../system/recvclr.o
 .text          0x00000000        0x0 ../system/recvtime.o
 .data          0x00000000        0x0 ../system/recvtime.o
 .bss           0x00000000        0x0 ../system/recvtime.o
 .stab          0x00000000      0x414 ../system/recvtime.o
                                0x5a0 (size before relaxing)
 .text.recvtime
                0x00000000      0x12c ../system/recvtime.o
 .comment       0x00000000       0x31 ../system/recvtime.o
 .ARM.attributes
                0x00000000       0x32 ../system/recvtime.o
 .text          0x00000000        0x0 ../system/close.o
 .data          0x00000000        0x0 ../system/close.o
 .bss           0x00000000        0x0 ../system/close.o
 .stab          0x00000000      0x33c ../system/close.o
                                0x420 (size before relaxing)
 .text.close    0x00000000       0x7c ../system/close.o
 .comment       0x00000000       0x31 ../system/close.o
 .ARM.attributes
                0x00000000       0x32 ../system/close.o
 .text          0x00000000        0x0 ../system/control.o
 .data          0x00000000        0x0 ../system/control.o
 .bss           0x00000000        0x0 ../system/control.o
 .stab          0x00000000      0x360 ../system/control.o
                                0x444 (size before relaxing)
 .text.control  0x00000000       0x94 ../system/control.o
 .comment       0x00000000       0x31 ../system/control.o
 .ARM.attributes
                0x00000000       0x32 ../system/control.o
 .text          0x00000000        0x0 ../system/getc.o
 .data          0x00000000        0x0 ../system/getc.o
 .bss           0x00000000        0x0 ../system/getc.o
 .text          0x00000000        0x0 ../system/open.o
 .data          0x00000000        0x0 ../system/open.o
 .bss           0x00000000        0x0 ../system/open.o
 .stab          0x00000000      0x378 ../system/open.o
                                0x474 (size before relaxing)
 .text.open     0x00000000       0x90 ../system/open.o
 .comment       0x00000000       0x31 ../system/open.o
 .ARM.attributes
                0x00000000       0x32 ../system/open.o
 .text          0x00000000        0x0 ../system/ioerr.o
 .data          0x00000000        0x0 ../system/ioerr.o
 .bss           0x00000000        0x0 ../system/ioerr.o
 .text          0x00000000        0x0 ../system/ionull.o
 .data          0x00000000        0x0 ../system/ionull.o
 .bss           0x00000000        0x0 ../system/ionull.o
 .text          0x00000000        0x0 ../system/read.o
 .data          0x00000000        0x0 ../system/read.o
 .bss           0x00000000        0x0 ../system/read.o
 .stab          0x00000000      0x354 ../system/read.o
                                0x438 (size before relaxing)
 .text.read     0x00000000       0x8c ../system/read.o
 .comment       0x00000000       0x31 ../system/read.o
 .ARM.attributes
                0x00000000       0x32 ../system/read.o
 .text          0x00000000        0x0 ../system/putc.o
 .data          0x00000000        0x0 ../system/putc.o
 .bss           0x00000000        0x0 ../system/putc.o
 .text          0x00000000        0x0 ../system/seek.o
 .data          0x00000000        0x0 ../system/seek.o
 .bss           0x00000000        0x0 ../system/seek.o
 .stab          0x00000000      0x348 ../system/seek.o
                                0x42c (size before relaxing)
 .text.seek     0x00000000       0x88 ../system/seek.o
 .comment       0x00000000       0x31 ../system/seek.o
 .ARM.attributes
                0x00000000       0x32 ../system/seek.o
 .text          0x00000000        0x0 ../system/write.o
 .data          0x00000000        0x0 ../system/write.o
 .bss           0x00000000        0x0 ../system/write.o
 .text          0x00000000        0x0 ../system/getdev.o
 .data          0x00000000        0x0 ../system/getdev.o
 .bss           0x00000000        0x0 ../system/getdev.o
 .stab          0x00000000      0x348 ../system/getdev.o
                                0x42c (size before relaxing)
 .text.getdev   0x00000000       0x9c ../system/getdev.o
 .comment       0x00000000       0x31 ../system/getdev.o
 .ARM.attributes
                0x00000000       0x32 ../system/getdev.o
 .text          0x00000000        0x0 ../system/debug.o
 .data          0x00000000        0x0 ../system/debug.o
 .bss           0x00000000        0x0 ../system/debug.o
 .stab          0x00000000      0x5d0 ../system/debug.o
                                0x78c (size before relaxing)
 .rodata        0x00000000       0x28 ../system/debug.o
 .text.hexdump_print
                0x00000000      0x128 ../system/debug.o
 .text.hexdump  0x00000000      0x3c8 ../system/debug.o
 .comment       0x00000000       0x31 ../system/debug.o
 .ARM.attributes
                0x00000000       0x32 ../system/debug.o
 .text          0x00000000        0x0 ../system/tar.o
 .data          0x00000000        0x0 ../system/tar.o
 .bss           0x00000000        0x0 ../system/tar.o
 .stab          0x00000000      0x75c ../system/tar.o
                                0x810 (size before relaxing)
 .text.tarListFiles
                0x00000000       0xe8 ../system/tar.o
 .text.tarGetFile
                0x00000000       0xb4 ../system/tar.o
 .text.tarGetFilesize
                0x00000000       0x30 ../system/tar.o
 .rodata        0x00000000        0x8 ../system/tar.o
 .text.tarGetData
                0x00000000       0xb0 ../system/tar.o
 .text.tarFilesize
                0x00000000       0x70 ../system/tar.o
 .comment       0x00000000       0x31 ../system/tar.o
 .ARM.attributes
                0x00000000       0x32 ../system/tar.o
 .text          0x00000000        0x0 ../device/loopback/loopbackGetc.o
 .data          0x00000000        0x0 ../device/loopback/loopbackGetc.o
 .bss           0x00000000        0x0 ../device/loopback/loopbackGetc.o
 .stab          0x00000000      0x3f0 ../device/loopback/loopbackGetc.o
                                0x5ac (size before relaxing)
 .text.loopbackGetc
                0x00000000       0xc0 ../device/loopback/loopbackGetc.o
 .comment       0x00000000       0x31 ../device/loopback/loopbackGetc.o
 .ARM.attributes
                0x00000000       0x32 ../device/loopback/loopbackGetc.o
 .text          0x00000000        0x0 ../device/loopback/loopbackClose.o
 .data          0x00000000        0x0 ../device/loopback/loopbackClose.o
 .bss           0x00000000        0x0 ../device/loopback/loopbackClose.o
 .stab          0x00000000      0x3a8 ../device/loopback/loopbackClose.o
                                0x510 (size before relaxing)
 .text.loopbackClose
                0x00000000       0x9c ../device/loopback/loopbackClose.o
 .comment       0x00000000       0x31 ../device/loopback/loopbackClose.o
 .ARM.attributes
                0x00000000       0x32 ../device/loopback/loopbackClose.o
 .text          0x00000000        0x0 ../device/loopback/loopbackOpen.o
 .data          0x00000000        0x0 ../device/loopback/loopbackOpen.o
 .bss           0x00000000        0x0 ../device/loopback/loopbackOpen.o
 .stab          0x00000000      0x3cc ../device/loopback/loopbackOpen.o
                                0x534 (size before relaxing)
 .text.loopbackOpen
                0x00000000       0xc8 ../device/loopback/loopbackOpen.o
 .comment       0x00000000       0x31 ../device/loopback/loopbackOpen.o
 .ARM.attributes
                0x00000000       0x32 ../device/loopback/loopbackOpen.o
 .text          0x00000000        0x0 ../device/loopback/loopbackPutc.o
 .data          0x00000000        0x0 ../device/loopback/loopbackPutc.o
 .bss           0x00000000        0x0 ../device/loopback/loopbackPutc.o
 .stab          0x00000000      0x3cc ../device/loopback/loopbackPutc.o
                                0x534 (size before relaxing)
 .text.loopbackPutc
                0x00000000      0x108 ../device/loopback/loopbackPutc.o
 .comment       0x00000000       0x31 ../device/loopback/loopbackPutc.o
 .ARM.attributes
                0x00000000       0x32 ../device/loopback/loopbackPutc.o
 .text          0x00000000        0x0 ../device/loopback/loopbackWrite.o
 .data          0x00000000        0x0 ../device/loopback/loopbackWrite.o
 .bss           0x00000000        0x0 ../device/loopback/loopbackWrite.o
 .stab          0x00000000      0x3d8 ../device/loopback/loopbackWrite.o
                                0x51c (size before relaxing)
 .text.loopbackWrite
                0x00000000       0xd8 ../device/loopback/loopbackWrite.o
 .comment       0x00000000       0x31 ../device/loopback/loopbackWrite.o
 .ARM.attributes
                0x00000000       0x32 ../device/loopback/loopbackWrite.o
 .text          0x00000000        0x0 ../device/loopback/loopbackRead.o
 .data          0x00000000        0x0 ../device/loopback/loopbackRead.o
 .bss           0x00000000        0x0 ../device/loopback/loopbackRead.o
 .stab          0x00000000      0x3cc ../device/loopback/loopbackRead.o
                                0x510 (size before relaxing)
 .text.loopbackRead
                0x00000000       0xc8 ../device/loopback/loopbackRead.o
 .comment       0x00000000       0x31 ../device/loopback/loopbackRead.o
 .ARM.attributes
                0x00000000       0x32 ../device/loopback/loopbackRead.o
 .text          0x00000000        0x0 ../device/loopback/loopbackControl.o
 .data          0x00000000        0x0 ../device/loopback/loopbackControl.o
 .bss           0x00000000        0x0 ../device/loopback/loopbackControl.o
 .stab          0x00000000      0x3e4 ../device/loopback/loopbackControl.o
                                0x528 (size before relaxing)
 .text.loopbackControl
                0x00000000       0xf8 ../device/loopback/loopbackControl.o
 .comment       0x00000000       0x31 ../device/loopback/loopbackControl.o
 .ARM.attributes
                0x00000000       0x32 ../device/loopback/loopbackControl.o
 .text          0x00000000        0x0 ../device/loopback/loopbackInit.o
 .data          0x00000000        0x0 ../device/loopback/loopbackInit.o
 .bss           0x00000000        0x4 ../device/loopback/loopbackInit.o
 .stab          0x00000000      0x36c ../device/loopback/loopbackInit.o
                                0x4b0 (size before relaxing)
 .text.loopbackInit
                0x00000000       0x68 ../device/loopback/loopbackInit.o
 .comment       0x00000000       0x31 ../device/loopback/loopbackInit.o
 .ARM.attributes
                0x00000000       0x32 ../device/loopback/loopbackInit.o
 .text          0x00000000        0x0 ../device/led/ledInit.o
 .text.clear_rts
                0x00000000       0x14 ../device/led/ledInit.o
 .text.set_rts  0x00000000       0x14 ../device/led/ledInit.o
 .text.getchBlockRTS
                0x00000000       0x48 ../device/led/ledInit.o
 .text          0x00000000        0x0 ../device/led/ledWrite.o
 .data          0x00000000        0x0 ../device/led/ledWrite.o
 .bss           0x00000000        0x0 ../device/led/ledWrite.o
 .text          0x00000000        0x0 ../device/tty/ttyControl.o
 .data          0x00000000        0x0 ../device/tty/ttyControl.o
 .bss           0x00000000        0x0 ../device/tty/ttyControl.o
 .stab          0x00000000      0x444 ../device/tty/ttyControl.o
                                0x540 (size before relaxing)
 .text.ttyControl
                0x00000000      0x1f0 ../device/tty/ttyControl.o
 .comment       0x00000000       0x31 ../device/tty/ttyControl.o
 .ARM.attributes
                0x00000000       0x32 ../device/tty/ttyControl.o
 .text          0x00000000        0x0 ../device/tty/ttyOpen.o
 .data          0x00000000        0x0 ../device/tty/ttyOpen.o
 .bss           0x00000000        0x0 ../device/tty/ttyOpen.o
 .stab          0x00000000      0x438 ../device/tty/ttyOpen.o
                                0x570 (size before relaxing)
 .text.ttyOpen  0x00000000      0x144 ../device/tty/ttyOpen.o
 .comment       0x00000000       0x31 ../device/tty/ttyOpen.o
 .ARM.attributes
                0x00000000       0x32 ../device/tty/ttyOpen.o
 .text          0x00000000        0x0 ../device/tty/ttyRead.o
 .data          0x00000000        0x0 ../device/tty/ttyRead.o
 .bss           0x00000000        0x0 ../device/tty/ttyRead.o
 .stab          0x00000000      0x804 ../device/tty/ttyRead.o
                                0x918 (size before relaxing)
 .text.ttyRead  0x00000000      0x5ac ../device/tty/ttyRead.o
 .text.ttyEcho  0x00000000       0x9c ../device/tty/ttyRead.o
 .comment       0x00000000       0x31 ../device/tty/ttyRead.o
 .ARM.attributes
                0x00000000       0x32 ../device/tty/ttyRead.o
 .text          0x00000000        0x0 ../device/tty/ttyClose.o
 .data          0x00000000        0x0 ../device/tty/ttyClose.o
 .bss           0x00000000        0x0 ../device/tty/ttyClose.o
 .stab          0x00000000      0x36c ../device/tty/ttyClose.o
                                0x4a4 (size before relaxing)
 .text.ttyClose
                0x00000000       0x78 ../device/tty/ttyClose.o
 .comment       0x00000000       0x31 ../device/tty/ttyClose.o
 .ARM.attributes
                0x00000000       0x32 ../device/tty/ttyClose.o
 .text          0x00000000        0x0 ../device/tty/ttyGetc.o
 .data          0x00000000        0x0 ../device/tty/ttyGetc.o
 .bss           0x00000000        0x0 ../device/tty/ttyGetc.o
 .stab          0x00000000      0x360 ../device/tty/ttyGetc.o
                                0x474 (size before relaxing)
 .text.ttyGetc  0x00000000       0x54 ../device/tty/ttyGetc.o
 .comment       0x00000000       0x31 ../device/tty/ttyGetc.o
 .ARM.attributes
                0x00000000       0x32 ../device/tty/ttyGetc.o
 .text          0x00000000        0x0 ../device/tty/ttyInit.o
 .data          0x00000000        0x0 ../device/tty/ttyInit.o
 .bss           0x00000000      0x414 ../device/tty/ttyInit.o
 .stab          0x00000000      0x348 ../device/tty/ttyInit.o
                                0x45c (size before relaxing)
 .text.ttyInit  0x00000000       0x68 ../device/tty/ttyInit.o
 .comment       0x00000000       0x31 ../device/tty/ttyInit.o
 .ARM.attributes
                0x00000000       0x32 ../device/tty/ttyInit.o
 .text          0x00000000        0x0 ../device/tty/ttyPutc.o
 .data          0x00000000        0x0 ../device/tty/ttyPutc.o
 .bss           0x00000000        0x0 ../device/tty/ttyPutc.o
 .stab          0x00000000      0x3f0 ../device/tty/ttyPutc.o
                                0x504 (size before relaxing)
 .text.ttyPutc  0x00000000      0x134 ../device/tty/ttyPutc.o
 .comment       0x00000000       0x31 ../device/tty/ttyPutc.o
 .ARM.attributes
                0x00000000       0x32 ../device/tty/ttyPutc.o
 .text          0x00000000        0x0 ../device/tty/ttyWrite.o
 .data          0x00000000        0x0 ../device/tty/ttyWrite.o
 .bss           0x00000000        0x0 ../device/tty/ttyWrite.o
 .stab          0x00000000      0x3c0 ../device/tty/ttyWrite.o
                                0x4d4 (size before relaxing)
 .text.ttyWrite
                0x00000000       0x9c ../device/tty/ttyWrite.o
 .comment       0x00000000       0x31 ../device/tty/ttyWrite.o
 .ARM.attributes
                0x00000000       0x32 ../device/tty/ttyWrite.o
 .text          0x00000000        0x0 ../device/uart-arm-qemu/uartInit.o
 .data          0x00000000        0x0 ../device/uart-arm-qemu/uartInit.o
 .text          0x00000000        0x0 ../device/uart-arm-qemu/uartWrite.o
 .data          0x00000000        0x0 ../device/uart-arm-qemu/uartWrite.o
 .bss           0x00000000        0x0 ../device/uart-arm-qemu/uartWrite.o
 .text          0x00000000        0x0 ../device/uart-arm-qemu/uartRead.o
 .data          0x00000000        0x0 ../device/uart-arm-qemu/uartRead.o
 .bss           0x00000000        0x0 ../device/uart-arm-qemu/uartRead.o
 .text          0x00000000        0x0 ../device/uart-arm-qemu/uartPutc.o
 .data          0x00000000        0x0 ../device/uart-arm-qemu/uartPutc.o
 .bss           0x00000000        0x0 ../device/uart-arm-qemu/uartPutc.o
 .text          0x00000000        0x0 ../device/uart-arm-qemu/uartGetc.o
 .data          0x00000000        0x0 ../device/uart-arm-qemu/uartGetc.o
 .bss           0x00000000        0x0 ../device/uart-arm-qemu/uartGetc.o
 .text          0x00000000        0x0 ../device/uart-arm-qemu/uartInterrupt.o
 .data          0x00000000        0x0 ../device/uart-arm-qemu/uartInterrupt.o
 .bss           0x00000000        0x0 ../device/uart-arm-qemu/uartInterrupt.o
 .text          0x00000000        0x0 ../device/uart-arm-qemu/kprintf.o
 .data          0x00000000        0x0 ../device/uart-arm-qemu/kprintf.o
 .bss           0x00000000        0x0 ../device/uart-arm-qemu/kprintf.o
 .text.kinitputc
                0x00000000        0x4 ../device/uart-arm-qemu/kprintf.o
 .text          0x00000000        0x0 ../device/uart-arm-qemu/power.o
 .data          0x00000000        0x0 ../device/uart-arm-qemu/power.o
 .bss           0x00000000        0x0 ../device/uart-arm-qemu/power.o
 .stab          0x00000000      0x444 ../device/uart-arm-qemu/power.o
                                0x450 (size before relaxing)
 .text.d2a_wait
                0x00000000       0x14 ../device/uart-arm-qemu/power.o
 .text.set_d2a  0x00000000       0xe8 ../device/uart-arm-qemu/power.o
 .text.set_bluetooth
                0x00000000       0x24 ../device/uart-arm-qemu/power.o
 .comment       0x00000000       0x31 ../device/uart-arm-qemu/power.o
 .ARM.attributes
                0x00000000       0x32 ../device/uart-arm-qemu/power.o
 .text          0x00000000        0x0 ../apps/date.o
 .data          0x00000000       0xb8 ../apps/date.o
 .bss           0x00000000        0x4 ../apps/date.o
 .stab          0x00000000      0x978 ../apps/date.o
                                0xb40 (size before relaxing)
 .rodata        0x00000000       0xfc ../apps/date.o
 .text.get_datetime
                0x00000000       0x24 ../apps/date.o
 .text.set_datetime
                0x00000000       0x48 ../apps/date.o
 .text.printDate
                0x00000000       0x24 ../apps/date.o
 .text.printDateTZ
                0x00000000      0x174 ../apps/date.o
 .text.convertDate
                0x00000000      0x764 ../apps/date.o
 .comment       0x00000000       0x31 ../apps/date.o
 .ARM.attributes
                0x00000000       0x32 ../apps/date.o
 .text          0x00000000        0x0 ../apps/rdate.o
 .data          0x00000000        0x0 ../apps/rdate.o
 .bss           0x00000000        0x0 ../apps/rdate.o
 .stab          0x00000000      0x630 ../apps/rdate.o
                                0x84c (size before relaxing)
 .rodata        0x00000000       0x1c ../apps/rdate.o
 .text.getRdate
                0x00000000      0x1ec ../apps/rdate.o
 .text.rdate    0x00000000       0x4c ../apps/rdate.o
 .comment       0x00000000       0x31 ../apps/rdate.o
 .ARM.attributes
                0x00000000       0x32 ../apps/rdate.o
 .text          0x00000000        0x0 ../mailbox/mailboxAlloc.o
 .data          0x00000000        0x0 ../mailbox/mailboxAlloc.o
 .bss           0x00000000        0x4 ../mailbox/mailboxAlloc.o
 .stab          0x00000000      0x4a4 ../mailbox/mailboxAlloc.o
                                0x60c (size before relaxing)
 .text.mailboxAlloc
                0x00000000      0x244 ../mailbox/mailboxAlloc.o
 .comment       0x00000000       0x31 ../mailbox/mailboxAlloc.o
 .ARM.attributes
                0x00000000       0x32 ../mailbox/mailboxAlloc.o
 .text          0x00000000        0x0 ../mailbox/mailboxCount.o
 .data          0x00000000        0x0 ../mailbox/mailboxCount.o
 .bss           0x00000000        0x0 ../mailbox/mailboxCount.o
 .stab          0x00000000      0x3b4 ../mailbox/mailboxCount.o
                                0x528 (size before relaxing)
 .text.mailboxCount
                0x00000000       0x90 ../mailbox/mailboxCount.o
 .comment       0x00000000       0x31 ../mailbox/mailboxCount.o
 .ARM.attributes
                0x00000000       0x32 ../mailbox/mailboxCount.o
 .text          0x00000000        0x0 ../mailbox/mailboxFree.o
 .data          0x00000000        0x0 ../mailbox/mailboxFree.o
 .bss           0x00000000        0x0 ../mailbox/mailboxFree.o
 .stab          0x00000000      0x3f0 ../mailbox/mailboxFree.o
                                0x558 (size before relaxing)
 .text.mailboxFree
                0x00000000      0x138 ../mailbox/mailboxFree.o
 .comment       0x00000000       0x31 ../mailbox/mailboxFree.o
 .ARM.attributes
                0x00000000       0x32 ../mailbox/mailboxFree.o
 .text          0x00000000        0x0 ../mailbox/mailboxInit.o
 .data          0x00000000        0x0 ../mailbox/mailboxInit.o
 .text          0x00000000        0x0 ../mailbox/mailboxReceive.o
 .data          0x00000000        0x0 ../mailbox/mailboxReceive.o
 .bss           0x00000000        0x0 ../mailbox/mailboxReceive.o
 .stab          0x00000000      0x3e4 ../mailbox/mailboxReceive.o
                                0x558 (size before relaxing)
 .text.mailboxReceive
                0x00000000      0x108 ../mailbox/mailboxReceive.o
 .comment       0x00000000       0x31 ../mailbox/mailboxReceive.o
 .ARM.attributes
                0x00000000       0x32 ../mailbox/mailboxReceive.o
 .text          0x00000000        0x0 ../mailbox/mailboxSend.o
 .data          0x00000000        0x0 ../mailbox/mailboxSend.o
 .bss           0x00000000        0x0 ../mailbox/mailboxSend.o
 .stab          0x00000000      0x3d8 ../mailbox/mailboxSend.o
                                0x54c (size before relaxing)
 .text.mailboxSend
                0x00000000      0x100 ../mailbox/mailboxSend.o
 .comment       0x00000000       0x31 ../mailbox/mailboxSend.o
 .ARM.attributes
                0x00000000       0x32 ../mailbox/mailboxSend.o
 .text          0x00000000        0x0 ../system/conf.o
 .data          0x00000000        0x0 ../system/conf.o
 .bss           0x00000000        0x0 ../system/conf.o
 .text          0x00000000        0x0 ../system/main.o
 .data          0x00000000        0x0 ../system/main.o
 .bss           0x00000000        0x0 ../system/main.o
 .text          0x00000000        0x0 ../lib/libxc.a(bzero.o)
 .data          0x00000000        0x0 ../lib/libxc.a(bzero.o)
 .bss           0x00000000        0x0 ../lib/libxc.a(bzero.o)
 .text.bzero    0x00000000       0x1c ../lib/libxc.a(bzero.o)
 .comment       0x00000000       0x31 ../lib/libxc.a(bzero.o)
 .ARM.attributes
                0x00000000       0x32 ../lib/libxc.a(bzero.o)
 .text          0x00000000        0x0 ../lib/libxc.a(ctype_.o)
 .data          0x00000000        0x0 ../lib/libxc.a(ctype_.o)
 .bss           0x00000000        0x0 ../lib/libxc.a(ctype_.o)
 .rodata        0x00000000       0x81 ../lib/libxc.a(ctype_.o)
 .comment       0x00000000       0x31 ../lib/libxc.a(ctype_.o)
 .ARM.attributes
                0x00000000       0x32 ../lib/libxc.a(ctype_.o)
 .text          0x00000000        0x0 ../lib/libxc.a(doprnt.o)
 .data          0x00000000        0x0 ../lib/libxc.a(doprnt.o)
 .bss           0x00000000        0x0 ../lib/libxc.a(doprnt.o)
 .text          0x00000000        0x0 ../lib/libxc.a(fprintf.o)
 .data          0x00000000        0x0 ../lib/libxc.a(fprintf.o)
 .bss           0x00000000        0x0 ../lib/libxc.a(fprintf.o)
 .text.fprintf  0x00000000       0x34 ../lib/libxc.a(fprintf.o)
 .comment       0x00000000       0x31 ../lib/libxc.a(fprintf.o)
 .ARM.attributes
                0x00000000       0x32 ../lib/libxc.a(fprintf.o)
 .text          0x00000000        0x0 ../lib/libxc.a(memcpy.o)
 .data          0x00000000        0x0 ../lib/libxc.a(memcpy.o)
 .bss           0x00000000        0x0 ../lib/libxc.a(memcpy.o)
 .text.memcpy   0x00000000       0x20 ../lib/libxc.a(memcpy.o)
 .comment       0x00000000       0x31 ../lib/libxc.a(memcpy.o)
 .ARM.attributes
                0x00000000       0x32 ../lib/libxc.a(memcpy.o)
 .text          0x00000000        0x0 ../lib/libxc.a(printf.o)
 .data          0x00000000        0x0 ../lib/libxc.a(printf.o)
 .bss           0x00000000        0x0 ../lib/libxc.a(printf.o)
 .text          0x00000000        0x0 ../lib/libxc.a(strncmp.o)
 .data          0x00000000        0x0 ../lib/libxc.a(strncmp.o)
 .bss           0x00000000        0x0 ../lib/libxc.a(strncmp.o)
 .text.strncmp  0x00000000       0x40 ../lib/libxc.a(strncmp.o)
 .comment       0x00000000       0x31 ../lib/libxc.a(strncmp.o)
 .ARM.attributes
                0x00000000       0x32 ../lib/libxc.a(strncmp.o)
 .text          0x00000000        0x0 ../lib/libxc.a(strncpy.o)
 .data          0x00000000        0x0 ../lib/libxc.a(strncpy.o)
 .bss           0x00000000        0x0 ../lib/libxc.a(strncpy.o)
 .text          0x00000000      0x114 /usr/local/lib/gcc/arm-none-eabi/4.6.3//libgcc.a(_udivsi3.o)
 .data          0x00000000        0x0 /usr/local/lib/gcc/arm-none-eabi/4.6.3//libgcc.a(_udivsi3.o)
 .bss           0x00000000        0x0 /usr/local/lib/gcc/arm-none-eabi/4.6.3//libgcc.a(_udivsi3.o)
 .debug_frame   0x00000000       0x20 /usr/local/lib/gcc/arm-none-eabi/4.6.3//libgcc.a(_udivsi3.o)
 .ARM.attributes
                0x00000000       0x1a /usr/local/lib/gcc/arm-none-eabi/4.6.3//libgcc.a(_udivsi3.o)
 .data          0x00000000        0x0 /usr/local/lib/gcc/arm-none-eabi/4.6.3//libgcc.a(_divsi3.o)
 .bss           0x00000000        0x0 /usr/local/lib/gcc/arm-none-eabi/4.6.3//libgcc.a(_divsi3.o)
 .data          0x00000000        0x0 /usr/local/lib/gcc/arm-none-eabi/4.6.3//libgcc.a(_dvmd_tls.o)
 .bss           0x00000000        0x0 /usr/local/lib/gcc/arm-none-eabi/4.6.3//libgcc.a(_dvmd_tls.o)

Memory Configuration

Name             Origin             Length             Attributes
*default*        0x00000000         0xffffffff

Linker script and memory map

                0x00010000                . = 0x10000
                0x00010000                . = ALIGN (0x8)

.text           0x00010000     0x5c1d
 *(.text .text.*)
 .text          0x00010000      0x2a8 ../loader/platforms/arm-qemu/start.o
                0x00010000                _start
                0x000101fc                Reset_Handler
 *fill*         0x000102a8        0x8 00
 .text          0x000102b0       0x30 ../system/platforms/arm-qemu/ctxsw.o
                0x000102b0                ctxsw
 .text          0x000102e0       0x1c ../device/uart-arm-qemu/usleep.o
                0x000102e0                usleep
 .text.setup_pins
                0x000102fc       0x2c ../system/platforms/arm-qemu/debug.o
                0x000102fc                setup_pins
 .text.led_on   0x00010328       0x14 ../system/platforms/arm-qemu/debug.o
                0x00010328                led_on
 .text.led_off  0x0001033c       0x14 ../system/platforms/arm-qemu/debug.o
                0x0001033c                led_off
 .text.debugret
                0x00010350       0x1c ../system/platforms/arm-qemu/debugret.o
                0x00010350                debugret
 .text.create   0x0001036c      0x38c ../system/platforms/arm-qemu/create.o
                0x0001036c                create
 .text.thrnew   0x000106f8       0xd0 ../system/platforms/arm-qemu/create.o
 .text.SWI_Routine
                0x000107c8        0x4 ../system/platforms/arm-qemu/handlers.o
                0x000107c8                SWI_Routine
 .text.UNDEF_Routine
                0x000107cc        0x4 ../system/platforms/arm-qemu/handlers.o
                0x000107cc                UNDEF_Routine
 .text.FIQ_Routine
                0x000107d0        0x4 ../system/platforms/arm-qemu/handlers.o
                0x000107d0                FIQ_Routine
 .text.vic_enable_interrupts
                0x000107d4       0x30 ../system/platforms/arm-qemu/interrupt.o
 .text.vic_disable_interrupts
                0x00010804       0x30 ../system/platforms/arm-qemu/interrupt.o
 .text.enable   0x00010834       0x20 ../system/platforms/arm-qemu/interrupt.o
                0x00010834                enable
 .text.disable  0x00010854       0x28 ../system/platforms/arm-qemu/interrupt.o
                0x00010854                disable
 .text.restore  0x0001087c       0x30 ../system/platforms/arm-qemu/interrupt.o
                0x0001087c                restore
 .text.enable_irq
                0x000108ac       0x30 ../system/platforms/arm-qemu/interrupt.o
                0x000108ac                enable_irq
 .text.register_irq
                0x000108dc       0x30 ../system/platforms/arm-qemu/interrupt.o
                0x000108dc                register_irq
 .text.irq_handled
                0x0001090c       0x10 ../system/platforms/arm-qemu/interrupt.o
                0x0001090c                irq_handled
 .text.platforminit
                0x0001091c       0xec ../system/platforms/arm-qemu/platforminit.o
                0x0001091c                platforminit
 .text.print_uart0
                0x00010a08       0x4c ../system/platforms/arm-qemu/stubs.o
                0x00010a08                print_uart0
 .text._startup
                0x00010a54       0xc4 ../system/platforms/arm-qemu/stubs.o
                0x00010a54                _startup
 .text.halt     0x00010b18        0x4 ../system/platforms/arm-qemu/stubs.o
                0x00010b18                halt
 .text.irqmask_pack
                0x00010b1c       0x44 ../system/platforms/arm-qemu/vic.o
 .text.irqmask_interrupts_enabled
                0x00010b60       0x1c ../system/platforms/arm-qemu/vic.o
 .text.vic_enable_interrupts
                0x00010b7c       0x30 ../system/platforms/arm-qemu/vic.o
 .text.vic_disable_interrupts
                0x00010bac       0x30 ../system/platforms/arm-qemu/vic.o
 .text.vic_interrupts_enabled
                0x00010bdc       0x34 ../system/platforms/arm-qemu/vic.o
 .text.vic_default
                0x00010c10       0x9c ../system/platforms/arm-qemu/vic.o
                0x00010c10                vic_default
 .text.vic_init
                0x00010cac       0x1c ../system/platforms/arm-qemu/vic.o
                0x00010cac                vic_init
 .text.vic_get_irqmask
                0x00010cc8       0x38 ../system/platforms/arm-qemu/vic.o
                0x00010cc8                vic_get_irqmask
 .text.vic_set_irqmask
                0x00010d00       0x60 ../system/platforms/arm-qemu/vic.o
                0x00010d00                vic_set_irqmask
 .text.vic_enable_irq
                0x00010d60       0x2c ../system/platforms/arm-qemu/vic.o
                0x00010d60                vic_enable_irq
 .text.vic_register_irq
                0x00010d8c       0x54 ../system/platforms/arm-qemu/vic.o
                0x00010d8c                vic_register_irq
 .text.vic_interrupt_handled
                0x00010de0       0x18 ../system/platforms/arm-qemu/vic.o
                0x00010de0                vic_interrupt_handled
 .text.timer_interrupt
                0x00010df8       0xb4 ../system/platforms/arm-qemu/timer.o
                0x00010df8                timer_interrupt
 .text.timer_init
                0x00010eac       0x68 ../system/platforms/arm-qemu/timer.o
                0x00010eac                timer_init
 .text.partC    0x00010f14       0xe8 ../system/platforms/arm-qemu/mem.o
                0x00010f14                partC
 .text.partB    0x00010ffc       0x5c ../system/platforms/arm-qemu/mem.o
                0x00010ffc                partB
 .text.partA    0x00011058       0x5c ../system/platforms/arm-qemu/mem.o
                0x00011058                partA
 .text.findMemory
                0x000110b4       0x7c ../system/platforms/arm-qemu/mem.o
                0x000110b4                findMemory
 .text.tsThr1   0x00011130       0x5c ../system/platforms/arm-qemu/test.o
 .text.timesliceThreadTest
                0x0001118c       0xa8 ../system/platforms/arm-qemu/test.o
 .text.semtest_high
                0x00011234       0x40 ../system/platforms/arm-qemu/test.o
 .text.semtest_low
                0x00011274       0x40 ../system/platforms/arm-qemu/test.o
 .text.semtest  0x000112b4       0xc0 ../system/platforms/arm-qemu/test.o
 .text.uartThread
                0x00011374       0x20 ../system/platforms/arm-qemu/test.o
 .text.uartTest
                0x00011394       0x48 ../system/platforms/arm-qemu/test.o
 .text.uart1_interrupt_handler
                0x000113dc        0x4 ../system/platforms/arm-qemu/test.o
                0x000113dc                uart1_interrupt_handler
 .text.interruptTest
                0x000113e0       0xc8 ../system/platforms/arm-qemu/test.o
 .text.irTest   0x000114a8       0xe8 ../system/platforms/arm-qemu/test.o
 .text.timerTest
                0x00011590       0x70 ../system/platforms/arm-qemu/test.o
                0x00011590                timerTest
 .text.runSelectedProgram
                0x00011600      0x19c ../system/platforms/arm-qemu/test.o
                0x00011600                runSelectedProgram
 .text.programSwitch
                0x0001179c       0xc8 ../system/platforms/arm-qemu/test.o
                0x0001179c                programSwitch
 .text.nulluser
                0x00011864      0x118 ../system/initialize.o
                0x00011864                nulluser
 .text.sysinit  0x0001197c      0x460 ../system/initialize.o
 .text.enqueue  0x00011ddc      0x1b0 ../system/queue.o
                0x00011ddc                enqueue
 .text.dequeue  0x00011f8c      0x158 ../system/queue.o
                0x00011f8c                dequeue
 .text.kill     0x000120e4      0x1fc ../system/kill.o
                0x000120e4                kill
 .text.ready    0x000122e0       0xe4 ../system/ready.o
                0x000122e0                ready
 .text.resched  0x000123c4      0x230 ../system/resched.o
                0x000123c4                resched
 .text.getfirst
                0x000125f4       0xd0 ../system/getitem.o
                0x000125f4                getfirst
 .text.getitem  0x000126c4      0x154 ../system/getitem.o
                0x000126c4                getitem
 .text.queinit  0x00012818      0x184 ../system/queinit.o
                0x00012818                queinit
 .text.insert   0x0001299c      0x26c ../system/insert.o
                0x0001299c                insert
 .text.gettid   0x00012c08       0x14 ../system/gettid.o
                0x00012c08                gettid
 .text.xdone    0x00012c1c       0x3c ../system/xdone.o
                0x00012c1c                xdone
 .text.clkinit  0x00012c58       0x34 ../system/clkinit.o
                0x00012c58                clkinit
 .text.unsleep  0x00012c8c      0x1a8 ../system/unsleep.o
                0x00012c8c                unsleep
 .text.semcreate
                0x00012e34       0x8c ../system/semcreate.o
                0x00012e34                semcreate
 .text.semalloc
                0x00012ec0       0xf8 ../system/semcreate.o
 .text.semcount
                0x00012fb8       0x88 ../system/semcount.o
                0x00012fb8                semcount
 .text.signal   0x00013040       0xd4 ../system/signal.o
                0x00013040                signal
 .text.signaln  0x00013114      0x104 ../system/signaln.o
                0x00013114                signaln
 .text.wait     0x00013218      0x118 ../system/wait.o
                0x00013218                wait
 .text.memfree  0x00013330      0x1a0 ../system/memfree.o
                0x00013330                memfree
 .text.stkget   0x000134d0      0x158 ../system/stkget.o
                0x000134d0                stkget
 .text.send     0x00013628      0x134 ../system/send.o
                0x00013628                send
 .text.getc     0x0001375c       0x7c ../system/getc.o
                0x0001375c                getc
 .text.ioerr    0x000137d8        0xc ../system/ioerr.o
                0x000137d8                ioerr
 .text.ionull   0x000137e4        0xc ../system/ionull.o
                0x000137e4                ionull
 .text.putc     0x000137f0       0x8c ../system/putc.o
                0x000137f0                putc
 .text.write    0x0001387c       0x8c ../system/write.o
                0x0001387c                write
 .text.ledInit  0x00013908       0xd4 ../device/led/ledInit.o
                0x00013908                ledInit
 .text.server_set_ir_emittors
                0x000139dc       0xd4 ../device/led/ledInit.o
                0x000139dc                server_set_ir_emittors
 .text.ledWrite
                0x00013ab0      0x270 ../device/led/ledWrite.o
                0x00013ab0                ledWrite
 .text.uartInit
                0x00013d20      0x184 ../device/uart-arm-qemu/uartInit.o
                0x00013d20                uartInit
 .text.fluke_uart_reg_init
                0x00013ea4       0x88 ../device/uart-arm-qemu/uartInit.o
                0x00013ea4                fluke_uart_reg_init
 .text.uartWrite
                0x00013f2c      0x244 ../device/uart-arm-qemu/uartWrite.o
                0x00013f2c                uartWrite
 .text.uartRead
                0x00014170       0x78 ../device/uart-arm-qemu/uartRead.o
                0x00014170                uartRead
 .text.uartPutc
                0x000141e8       0x3c ../device/uart-arm-qemu/uartPutc.o
                0x000141e8                uartPutc
 .text.uart1_set_rts
                0x00014224       0x14 ../device/uart-arm-qemu/uartGetc.o
                0x00014224                uart1_set_rts
 .text.uart1_clear_rts
                0x00014238       0x14 ../device/uart-arm-qemu/uartGetc.o
                0x00014238                uart1_clear_rts
 .text.uartGetc
                0x0001424c       0x60 ../device/uart-arm-qemu/uartGetc.o
                0x0001424c                uartGetc
 .text.uartInterrupt
                0x000142ac      0x458 ../device/uart-arm-qemu/uartInterrupt.o
                0x000142ac                uartInterrupt
 .text.kputc    0x00014704       0x30 ../device/uart-arm-qemu/kprintf.o
                0x00014704                kputc
 .text.kgetc    0x00014734       0x40 ../device/uart-arm-qemu/kprintf.o
                0x00014734                kgetc
 .text.ksimpleterminal
                0x00014774       0x60 ../device/uart-arm-qemu/kprintf.o
                0x00014774                ksimpleterminal
 .text.kprintf  0x000147d4       0x50 ../device/uart-arm-qemu/kprintf.o
                0x000147d4                kprintf
 .text.mailboxInit
                0x00014824       0x98 ../mailbox/mailboxInit.o
                0x00014824                mailboxInit
 .text.main     0x000148bc       0x38 ../system/main.o
                0x000148bc                main
 .text._prtl10  0x000148f4       0x98 ../lib/libxc.a(doprnt.o)
 .text._doprnt  0x0001498c      0x618 ../lib/libxc.a(doprnt.o)
                0x0001498c                _doprnt
 .text.printf   0x00014fa4       0x50 ../lib/libxc.a(printf.o)
                0x00014fa4                printf
 .text.strncpy  0x00014ff4       0x54 ../lib/libxc.a(strncpy.o)
                0x00014ff4                strncpy
 .text          0x00015048      0x148 /usr/local/lib/gcc/arm-none-eabi/4.6.3//libgcc.a(_divsi3.o)
                0x00015048                __aeabi_idiv
                0x00015048                __divsi3
                0x00015170                __aeabi_idivmod
 .text          0x00015190        0x4 /usr/local/lib/gcc/arm-none-eabi/4.6.3//libgcc.a(_dvmd_tls.o)
                0x00015190                __aeabi_ldiv0
                0x00015190                __aeabi_idiv0
 *(.rodata .rodata.*)
 .rodata        0x00015194       0x20 ../system/platforms/arm-qemu/platforminit.o
 .rodata        0x000151b4        0xc ../system/platforms/arm-qemu/stubs.o
 .rodata        0x000151c0      0x1d8 ../system/platforms/arm-qemu/mem.o
 .rodata        0x00015398      0x3c0 ../system/platforms/arm-qemu/test.o
 .rodata        0x00015758      0x358 ../system/initialize.o
 .rodata        0x00015ab0       0x2c ../system/xdone.o
 .rodata        0x00015adc        0x4 ../device/uart-arm-qemu/kprintf.o
                0x00015adc                UART0DR
 .rodata        0x00015ae0      0x114 ../system/conf.o
                0x00015b04                devtab
 .rodata.str1.1
                0x00015bf4       0x29 ../lib/libxc.a(doprnt.o)
 *(.glue_7 .glue_7t)
 .glue_7        0x00000000        0x0 linker stubs
 .glue_7t       0x00000000        0x0 linker stubs
                0x00015c1d                _etext = .

.vfp11_veneer   0x00015c20        0x0
 .vfp11_veneer  0x00000000        0x0 linker stubs

.v4_bx          0x00015c20        0x0
 .v4_bx         0x00000000        0x0 linker stubs

.iplt           0x00015c20        0x0
 .iplt          0x00000000        0x0 ../loader/platforms/arm-qemu/start.o

.rel.dyn        0x00015c20        0x0
 .rel.iplt      0x00000000        0x0 ../loader/platforms/arm-qemu/start.o
                0x00015c20                . = ALIGN (0x8)

.data           0x00015c20       0x10
                0x00015c20                _data = .
 *(.data .data.*)
 .data          0x00015c20        0x4 ../system/platforms/arm-qemu/vic.o
 .data          0x00015c24        0x4 ../system/platforms/arm-qemu/timer.o
 .data          0x00015c28        0x4 ../system/queinit.o
 .data          0x00015c2c        0x4 ../device/led/ledInit.o
                0x00015c2c                use_emitters
                0x00015c30                _edata = .

.igot.plt       0x00015c30        0x0
 .igot.plt      0x00000000        0x0 ../loader/platforms/arm-qemu/start.o
                0x00015c30                . = ALIGN (0x8)

.bss            0x00015c30     0x4720
                0x00015c30                _bss = .
 *(.bss .bss.*)
 .bss           0x00015c30        0x4 ../system/platforms/arm-qemu/create.o
 .bss           0x00015c34        0x8 ../system/platforms/arm-qemu/timer.o
                0x00015c34                ms_counter
                0x00015c38                ledon
 .bss           0x00015c3c        0x4 ../system/platforms/arm-qemu/test.o
                0x00015c3c                numUART1Interrupts
 .bss           0x00015c40     0x268c ../system/initialize.o
                0x00015c40                thrtab
                0x00017d10                semtab
                0x000181c0                readylist
                0x000181c4                memlist
                0x000181cc                bfptab
                0x0001828c                thrcount
                0x00018290                thrcurrent
                0x00018294                memheap
                0x00018298                cpuid
                0x0001829c                platform
 .bss           0x000182cc      0xe40 ../system/queue.o
                0x000182cc                quetab
 .bss           0x0001910c        0x4 ../system/resched.o
                0x0001910c                resdefer
 .bss           0x00019110        0xc ../system/clkinit.o
                0x00019110                clkticks
                0x00019114                clktime
                0x00019118                sleepq
 .bss           0x0001911c        0x4 ../system/semcreate.o
 .bss           0x00019120       0x10 ../device/led/ledInit.o
                0x00019120                ledtab
 .bss           0x00019130     0x1078 ../device/uart-arm-qemu/uartInit.o
                0x00019130                uarttab
 .bss           0x0001a1a8      0x1a8 ../mailbox/mailboxInit.o
                0x0001a1a8                mboxtab
                0x0001a34c                mboxtabsem
 *(COMMON)
                0x0001a350                . = ALIGN (0x8)
                0x0001a350                _bss_end = .
                0x0001b350                . = (. + 0x1000)
                0x0001b350                stack_top = .
                0x0001b350                _end = .
LOAD ../loader/platforms/arm-qemu/start.o
LOAD ../system/platforms/arm-qemu/ctxsw.o
LOAD ../system/platforms/arm-qemu/pause.o
LOAD ../device/uart-arm-qemu/usleep.o
LOAD ../system/platforms/arm-qemu/debug.o
LOAD ../system/platforms/arm-qemu/debugret.o
LOAD ../system/platforms/arm-qemu/create.o
LOAD ../system/platforms/arm-qemu/handlers.o
LOAD ../system/platforms/arm-qemu/interrupt.o
LOAD ../system/platforms/arm-qemu/platforminit.o
LOAD ../system/platforms/arm-qemu/stubs.o
LOAD ../system/platforms/arm-qemu/vic.o
LOAD ../system/platforms/arm-qemu/timer.o
LOAD ../system/platforms/arm-qemu/mem.o
LOAD ../system/platforms/arm-qemu/test.o
LOAD ../system/initialize.o
LOAD ../system/queue.o
LOAD ../system/kill.o
LOAD ../system/ready.o
LOAD ../system/resched.o
LOAD ../system/resume.o
LOAD ../system/suspend.o
LOAD ../system/chprio.o
LOAD ../system/getprio.o
LOAD ../system/getitem.o
LOAD ../system/queinit.o
LOAD ../system/insert.o
LOAD ../system/gettid.o
LOAD ../system/xdone.o
LOAD ../system/yield.o
LOAD ../system/userret.o
LOAD ../system/clkinit.o
LOAD ../system/clkhandler.o
LOAD ../system/insertd.o
LOAD ../system/sleep.o
LOAD ../system/unsleep.o
LOAD ../system/wakeup.o
LOAD ../system/semcreate.o
LOAD ../system/semfree.o
LOAD ../system/semcount.o
LOAD ../system/signal.o
LOAD ../system/signaln.o
LOAD ../system/wait.o
LOAD ../system/memget.o
LOAD ../system/memfree.o
LOAD ../system/stkget.o
LOAD ../system/bfpalloc.o
LOAD ../system/bfpfree.o
LOAD ../system/bufget.o
LOAD ../system/buffree.o
LOAD ../system/send.o
LOAD ../system/receive.o
LOAD ../system/recvclr.o
LOAD ../system/recvtime.o
LOAD ../system/close.o
LOAD ../system/control.o
LOAD ../system/getc.o
LOAD ../system/open.o
LOAD ../system/ioerr.o
LOAD ../system/ionull.o
LOAD ../system/read.o
LOAD ../system/putc.o
LOAD ../system/seek.o
LOAD ../system/write.o
LOAD ../system/getdev.o
LOAD ../system/debug.o
LOAD ../system/tar.o
LOAD ../device/loopback/loopbackGetc.o
LOAD ../device/loopback/loopbackClose.o
LOAD ../device/loopback/loopbackOpen.o
LOAD ../device/loopback/loopbackPutc.o
LOAD ../device/loopback/loopbackWrite.o
LOAD ../device/loopback/loopbackRead.o
LOAD ../device/loopback/loopbackControl.o
LOAD ../device/loopback/loopbackInit.o
LOAD ../device/led/ledInit.o
LOAD ../device/led/ledWrite.o
LOAD ../device/tty/ttyControl.o
LOAD ../device/tty/ttyOpen.o
LOAD ../device/tty/ttyRead.o
LOAD ../device/tty/ttyClose.o
LOAD ../device/tty/ttyGetc.o
LOAD ../device/tty/ttyInit.o
LOAD ../device/tty/ttyPutc.o
LOAD ../device/tty/ttyWrite.o
LOAD ../device/uart-arm-qemu/uartInit.o
LOAD ../device/uart-arm-qemu/uartWrite.o
LOAD ../device/uart-arm-qemu/uartRead.o
LOAD ../device/uart-arm-qemu/uartPutc.o
LOAD ../device/uart-arm-qemu/uartGetc.o
LOAD ../device/uart-arm-qemu/uartInterrupt.o
LOAD ../device/uart-arm-qemu/kprintf.o
LOAD ../device/uart-arm-qemu/power.o
LOAD ../apps/date.o
LOAD ../apps/rdate.o
LOAD ../mailbox/mailboxAlloc.o
LOAD ../mailbox/mailboxCount.o
LOAD ../mailbox/mailboxFree.o
LOAD ../mailbox/mailboxInit.o
LOAD ../mailbox/mailboxReceive.o
LOAD ../mailbox/mailboxSend.o
LOAD ../system/conf.o
LOAD ../system/main.o
LOAD ../lib/libxc.a
LOAD ../lib/libdsp.a
LOAD /usr/local/lib/gcc/arm-none-eabi/4.6.3//libgcc.a
OUTPUT(xinu.elf elf32-littlearm)

.ARM.attributes
                0x00000000       0x2d
 .ARM.attributes
                0x00000000       0x16 ../loader/platforms/arm-qemu/start.o
 .ARM.attributes
                0x00000016       0x16 ../system/platforms/arm-qemu/ctxsw.o
 .ARM.attributes
                0x0000002c       0x16 ../device/uart-arm-qemu/usleep.o
 .ARM.attributes
                0x00000042       0x32 ../system/platforms/arm-qemu/debug.o
 .ARM.attributes
                0x00000074       0x32 ../system/platforms/arm-qemu/debugret.o
 .ARM.attributes
                0x000000a6       0x32 ../system/platforms/arm-qemu/create.o
 .ARM.attributes
                0x000000d8       0x32 ../system/platforms/arm-qemu/handlers.o
 .ARM.attributes
                0x0000010a       0x32 ../system/platforms/arm-qemu/interrupt.o
 .ARM.attributes
                0x0000013c       0x32 ../system/platforms/arm-qemu/platforminit.o
 .ARM.attributes
                0x0000016e       0x32 ../system/platforms/arm-qemu/stubs.o
 .ARM.attributes
                0x000001a0       0x32 ../system/platforms/arm-qemu/vic.o
 .ARM.attributes
                0x000001d2       0x32 ../system/platforms/arm-qemu/timer.o
 .ARM.attributes
                0x00000204       0x32 ../system/platforms/arm-qemu/mem.o
 .ARM.attributes
                0x00000236       0x32 ../system/platforms/arm-qemu/test.o
 .ARM.attributes
                0x00000268       0x32 ../system/initialize.o
 .ARM.attributes
                0x0000029a       0x32 ../system/queue.o
 .ARM.attributes
                0x000002cc       0x32 ../system/kill.o
 .ARM.attributes
                0x000002fe       0x32 ../system/ready.o
 .ARM.attributes
                0x00000330       0x32 ../system/resched.o
 .ARM.attributes
                0x00000362       0x32 ../system/getitem.o
 .ARM.attributes
                0x00000394       0x32 ../system/queinit.o
 .ARM.attributes
                0x000003c6       0x32 ../system/insert.o
 .ARM.attributes
                0x000003f8       0x32 ../system/gettid.o
 .ARM.attributes
                0x0000042a       0x32 ../system/xdone.o
 .ARM.attributes
                0x0000045c       0x32 ../system/clkinit.o
 .ARM.attributes
                0x0000048e       0x32 ../system/unsleep.o
 .ARM.attributes
                0x000004c0       0x32 ../system/semcreate.o
 .ARM.attributes
                0x000004f2       0x32 ../system/semcount.o
 .ARM.attributes
                0x00000524       0x32 ../system/signal.o
 .ARM.attributes
                0x00000556       0x32 ../system/signaln.o
 .ARM.attributes
                0x00000588       0x32 ../system/wait.o
 .ARM.attributes
                0x000005ba       0x32 ../system/memfree.o
 .ARM.attributes
                0x000005ec       0x32 ../system/stkget.o
 .ARM.attributes
                0x0000061e       0x32 ../system/send.o
 .ARM.attributes
                0x00000650       0x32 ../system/getc.o
 .ARM.attributes
                0x00000682       0x32 ../system/ioerr.o
 .ARM.attributes
                0x000006b4       0x32 ../system/ionull.o
 .ARM.attributes
                0x000006e6       0x32 ../system/putc.o
 .ARM.attributes
                0x00000718       0x32 ../system/write.o
 .ARM.attributes
                0x0000074a       0x32 ../device/led/ledInit.o
 .ARM.attributes
                0x0000077c       0x32 ../device/led/ledWrite.o
 .ARM.attributes
                0x000007ae       0x32 ../device/uart-arm-qemu/uartInit.o
 .ARM.attributes
                0x000007e0       0x32 ../device/uart-arm-qemu/uartWrite.o
 .ARM.attributes
                0x00000812       0x32 ../device/uart-arm-qemu/uartRead.o
 .ARM.attributes
                0x00000844       0x32 ../device/uart-arm-qemu/uartPutc.o
 .ARM.attributes
                0x00000876       0x32 ../device/uart-arm-qemu/uartGetc.o
 .ARM.attributes
                0x000008a8       0x32 ../device/uart-arm-qemu/uartInterrupt.o
 .ARM.attributes
                0x000008da       0x32 ../device/uart-arm-qemu/kprintf.o
 .ARM.attributes
                0x0000090c       0x32 ../mailbox/mailboxInit.o
 .ARM.attributes
                0x0000093e       0x32 ../system/conf.o
 .ARM.attributes
                0x00000970       0x32 ../system/main.o
 .ARM.attributes
                0x000009a2       0x32 ../lib/libxc.a(doprnt.o)
 .ARM.attributes
                0x000009d4       0x32 ../lib/libxc.a(printf.o)
 .ARM.attributes
                0x00000a06       0x32 ../lib/libxc.a(strncpy.o)
 .ARM.attributes
                0x00000a38       0x1a /usr/local/lib/gcc/arm-none-eabi/4.6.3//libgcc.a(_divsi3.o)
 .ARM.attributes
                0x00000a52       0x18 /usr/local/lib/gcc/arm-none-eabi/4.6.3//libgcc.a(_dvmd_tls.o)

.comment        0x00000000       0x30
 .comment       0x00000000       0x30 ../system/platforms/arm-qemu/debug.o
                                 0x31 (size before relaxing)
 .comment       0x00000000       0x31 ../system/platforms/arm-qemu/debugret.o
 .comment       0x00000000       0x31 ../system/platforms/arm-qemu/create.o
 .comment       0x00000000       0x31 ../system/platforms/arm-qemu/handlers.o
 .comment       0x00000000       0x31 ../system/platforms/arm-qemu/interrupt.o
 .comment       0x00000000       0x31 ../system/platforms/arm-qemu/platforminit.o
 .comment       0x00000000       0x31 ../system/platforms/arm-qemu/stubs.o
 .comment       0x00000000       0x31 ../system/platforms/arm-qemu/vic.o
 .comment       0x00000000       0x31 ../system/platforms/arm-qemu/timer.o
 .comment       0x00000000       0x31 ../system/platforms/arm-qemu/mem.o
 .comment       0x00000000       0x31 ../system/platforms/arm-qemu/test.o
 .comment       0x00000000       0x31 ../system/initialize.o
 .comment       0x00000000       0x31 ../system/queue.o
 .comment       0x00000000       0x31 ../system/kill.o
 .comment       0x00000000       0x31 ../system/ready.o
 .comment       0x00000000       0x31 ../system/resched.o
 .comment       0x00000000       0x31 ../system/getitem.o
 .comment       0x00000000       0x31 ../system/queinit.o
 .comment       0x00000000       0x31 ../system/insert.o
 .comment       0x00000000       0x31 ../system/gettid.o
 .comment       0x00000000       0x31 ../system/xdone.o
 .comment       0x00000000       0x31 ../system/clkinit.o
 .comment       0x00000000       0x31 ../system/unsleep.o
 .comment       0x00000000       0x31 ../system/semcreate.o
 .comment       0x00000000       0x31 ../system/semcount.o
 .comment       0x00000000       0x31 ../system/signal.o
 .comment       0x00000000       0x31 ../system/signaln.o
 .comment       0x00000000       0x31 ../system/wait.o
 .comment       0x00000000       0x31 ../system/memfree.o
 .comment       0x00000000       0x31 ../system/stkget.o
 .comment       0x00000000       0x31 ../system/send.o
 .comment       0x00000000       0x31 ../system/getc.o
 .comment       0x00000000       0x31 ../system/ioerr.o
 .comment       0x00000000       0x31 ../system/ionull.o
 .comment       0x00000000       0x31 ../system/putc.o
 .comment       0x00000000       0x31 ../system/write.o
 .comment       0x00000000       0x31 ../device/led/ledInit.o
 .comment       0x00000000       0x31 ../device/led/ledWrite.o
 .comment       0x00000000       0x31 ../device/uart-arm-qemu/uartInit.o
 .comment       0x00000000       0x31 ../device/uart-arm-qemu/uartWrite.o
 .comment       0x00000000       0x31 ../device/uart-arm-qemu/uartRead.o
 .comment       0x00000000       0x31 ../device/uart-arm-qemu/uartPutc.o
 .comment       0x00000000       0x31 ../device/uart-arm-qemu/uartGetc.o
 .comment       0x00000000       0x31 ../device/uart-arm-qemu/uartInterrupt.o
 .comment       0x00000000       0x31 ../device/uart-arm-qemu/kprintf.o
 .comment       0x00000000       0x31 ../mailbox/mailboxInit.o
 .comment       0x00000000       0x31 ../system/conf.o
 .comment       0x00000000       0x31 ../system/main.o
 .comment       0x00000000       0x31 ../lib/libxc.a(doprnt.o)
 .comment       0x00000000       0x31 ../lib/libxc.a(printf.o)
 .comment       0x00000000       0x31 ../lib/libxc.a(strncpy.o)

.stab           0x00000000     0xe2d4
 .stab          0x00000000      0x264 ../loader/platforms/arm-qemu/start.o
 .stab          0x00000264       0x90 ../system/platforms/arm-qemu/ctxsw.o
                                 0x9c (size before relaxing)
 .stab          0x000002f4       0x6c ../device/uart-arm-qemu/usleep.o
                                 0x78 (size before relaxing)
 .stab          0x00000360      0x378 ../system/platforms/arm-qemu/debug.o
                                0x444 (size before relaxing)
 .stab          0x000006d8      0x2b8 ../system/platforms/arm-qemu/debugret.o
                                0x2c4 (size before relaxing)
 .stab          0x00000990      0x984 ../system/platforms/arm-qemu/create.o
                                0x990 (size before relaxing)
 .stab          0x00001314      0x33c ../system/platforms/arm-qemu/handlers.o
                                0x348 (size before relaxing)
 .stab          0x00001650      0x6cc ../system/platforms/arm-qemu/interrupt.o
                                0x7c8 (size before relaxing)
 .stab          0x00001d1c      0x48c ../system/platforms/arm-qemu/platforminit.o
                                0x660 (size before relaxing)
 .stab          0x000021a8      0x4bc ../system/platforms/arm-qemu/stubs.o
                                0x6e4 (size before relaxing)
 .stab          0x00002664      0x918 ../system/platforms/arm-qemu/vic.o
                                0xaf8 (size before relaxing)
 .stab          0x00002f7c      0x42c ../system/platforms/arm-qemu/timer.o
                                0x5b8 (size before relaxing)
 .stab          0x000033a8      0x618 ../system/platforms/arm-qemu/mem.o
                                0x7d4 (size before relaxing)
 .stab          0x000039c0      0xc90 ../system/platforms/arm-qemu/test.o
                               0x11f4 (size before relaxing)
 .stab          0x00004650      0x9fc ../system/initialize.o
                                0xb94 (size before relaxing)
 .stab          0x0000504c      0x4e0 ../system/queue.o
                                0x678 (size before relaxing)
 .stab          0x0000552c      0x468 ../system/kill.o
                                0x624 (size before relaxing)
 .stab          0x00005994      0x3c0 ../system/ready.o
                                0x558 (size before relaxing)
 .stab          0x00005d54      0x444 ../system/resched.o
                                0x5dc (size before relaxing)
 .stab          0x00006198      0x444 ../system/getitem.o
                                0x60c (size before relaxing)
 .stab          0x000065dc      0x390 ../system/queinit.o
                                0x498 (size before relaxing)
 .stab          0x0000696c      0x408 ../system/insert.o
                                0x5a0 (size before relaxing)
 .stab          0x00006d74      0x324 ../system/gettid.o
                                0x4bc (size before relaxing)
 .stab          0x00007098      0x384 ../system/xdone.o
                                0x540 (size before relaxing)
 .stab          0x0000741c      0x348 ../system/clkinit.o
                                0x498 (size before relaxing)
 .stab          0x00007764      0x42c ../system/unsleep.o
                                0x5c4 (size before relaxing)
 .stab          0x00007b90      0x480 ../system/semcreate.o
                                0x5d0 (size before relaxing)
 .stab          0x00008010      0x324 ../system/semcount.o
                                0x450 (size before relaxing)
 .stab          0x00008334      0x3cc ../system/signal.o
                                0x564 (size before relaxing)
 .stab          0x00008700      0x408 ../system/signaln.o
                                0x5a0 (size before relaxing)
 .stab          0x00008b08      0x408 ../system/wait.o
                                0x5a0 (size before relaxing)
 .stab          0x00008f10      0x4f8 ../system/memfree.o
                                0x5e8 (size before relaxing)
 .stab          0x00009408      0x468 ../system/stkget.o
                                0x570 (size before relaxing)
 .stab          0x00009870      0x444 ../system/send.o
                                0x5dc (size before relaxing)
 .stab          0x00009cb4      0x33c ../system/getc.o
                                0x420 (size before relaxing)
 .stab          0x00009ff0      0x2c4 ../system/ioerr.o
                                0x378 (size before relaxing)
 .stab          0x0000a2b4      0x2c4 ../system/ionull.o
                                0x378 (size before relaxing)
 .stab          0x0000a578      0x348 ../system/putc.o
                                0x42c (size before relaxing)
 .stab          0x0000a8c0      0x354 ../system/write.o
                                0x438 (size before relaxing)
 .stab          0x0000ac14      0x4f8 ../device/led/ledInit.o
                                0x72c (size before relaxing)
 .stab          0x0000b10c      0x5ac ../device/led/ledWrite.o
                                0x6f0 (size before relaxing)
 .stab          0x0000b6b8      0x594 ../device/uart-arm-qemu/uartInit.o
                                0x744 (size before relaxing)
 .stab          0x0000bc4c      0x51c ../device/uart-arm-qemu/uartWrite.o
                                0x708 (size before relaxing)
 .stab          0x0000c168      0x39c ../device/uart-arm-qemu/uartRead.o
                                0x504 (size before relaxing)
 .stab          0x0000c504      0x33c ../device/uart-arm-qemu/uartPutc.o
                                0x4f8 (size before relaxing)
 .stab          0x0000c840      0x408 ../device/uart-arm-qemu/uartGetc.o
                                0x5c4 (size before relaxing)
 .stab          0x0000cc48      0x6c0 ../device/uart-arm-qemu/uartInterrupt.o
                                0x8e8 (size before relaxing)
 .stab          0x0000d308      0x5ac ../device/uart-arm-qemu/kprintf.o
                                0x840 (size before relaxing)
 .stab          0x0000d8b4      0x384 ../mailbox/mailboxInit.o
                                0x4d4 (size before relaxing)
 .stab          0x0000dc38      0x2c4 ../system/conf.o
                                0x444 (size before relaxing)
 .stab          0x0000defc      0x3d8 ../system/main.o
                                0x5b8 (size before relaxing)

.stabstr        0x00000000     0x6288
 .stabstr       0x00000000     0x6288 ../loader/platforms/arm-qemu/start.o

.debug_frame    0x00000000       0x20
 .debug_frame   0x00000000       0x20 /usr/local/lib/gcc/arm-none-eabi/4.6.3//libgcc.a(_divsi3.o)
