Archive member included because of file (symbol)

../lib/libxc.a(bzero.o)       ../device/loopback/loopbackOpen.o (bzero)
../lib/libxc.a(doprnt.o)      ../device/uart-fluke-bluetooth/kprintf.o (_doprnt)
../lib/libxc.a(fprintf.o)     ../system/debug.o (fprintf)
../lib/libxc.a(memcpy.o)      ../system/tar.o (memcpy)
../lib/libxc.a(printf.o)      ../system/platforms/arm-qemu/test.o (printf)
../lib/libxc.a(strncmp.o)     ../system/getdev.o (strncmp)
../lib/libxc.a(strncpy.o)     ../system/platforms/arm-qemu/create.o (strncpy)
/usr/local/lib/gcc/arm-none-eabi/4.6.3//libgcc.a(_udivsi3.o)
                              ../mailbox/mailboxReceive.o (__aeabi_uidivmod)
/usr/local/lib/gcc/arm-none-eabi/4.6.3//libgcc.a(_divsi3.o)
                              ../lib/libxc.a(doprnt.o) (__aeabi_idiv)
/usr/local/lib/gcc/arm-none-eabi/4.6.3//libgcc.a(_dvmd_tls.o)
                              /usr/local/lib/gcc/arm-none-eabi/4.6.3//libgcc.a(_udivsi3.o) (__aeabi_idiv0)

Discarded input sections

 .data          0x00000000        0x0 ../loader/platforms/arm-qemu/start.o
 .bss           0x00000000        0x0 ../loader/platforms/arm-qemu/start.o
 .data          0x00000000        0x0 ../system/platforms/arm-qemu/ctxsw.o
 .bss           0x00000000        0x0 ../system/platforms/arm-qemu/ctxsw.o
 .data          0x00000000        0x0 ../system/platforms/arm-qemu/pause.o
 .bss           0x00000000        0x0 ../system/platforms/arm-qemu/pause.o
 .data          0x00000000        0x0 ../device/uart-fluke-bluetooth/usleep.o
 .bss           0x00000000        0x0 ../device/uart-fluke-bluetooth/usleep.o
 .text          0x00000000        0x0 ../system/platforms/arm-qemu/create.o
 .data          0x00000000        0x0 ../system/platforms/arm-qemu/create.o
 .text          0x00000000        0x0 ../system/platforms/arm-qemu/debug.o
 .data          0x00000000        0x0 ../system/platforms/arm-qemu/debug.o
 .bss           0x00000000        0x0 ../system/platforms/arm-qemu/debug.o
 .text.die      0x00000000       0x68 ../system/platforms/arm-qemu/debug.o
 .text          0x00000000        0x0 ../system/platforms/arm-qemu/handlers.o
 .data          0x00000000        0x0 ../system/platforms/arm-qemu/handlers.o
 .bss           0x00000000        0x0 ../system/platforms/arm-qemu/handlers.o
 .text          0x00000000        0x0 ../system/platforms/arm-qemu/interrupt.o
 .data          0x00000000        0x0 ../system/platforms/arm-qemu/interrupt.o
 .bss           0x00000000        0x0 ../system/platforms/arm-qemu/interrupt.o
 .text.disable_irq
                0x00000000       0x30 ../system/platforms/arm-qemu/interrupt.o
 .text.an_interrupt_handler
                0x00000000        0x4 ../system/platforms/arm-qemu/interrupt.o
 .text          0x00000000        0x0 ../system/platforms/arm-qemu/platforminit.o
 .data          0x00000000        0x0 ../system/platforms/arm-qemu/platforminit.o
 .bss           0x00000000        0x0 ../system/platforms/arm-qemu/platforminit.o
 .text          0x00000000        0x0 ../system/platforms/arm-qemu/stubs.o
 .data          0x00000000        0x0 ../system/platforms/arm-qemu/stubs.o
 .bss           0x00000000        0x0 ../system/platforms/arm-qemu/stubs.o
 .text          0x00000000        0x0 ../system/platforms/arm-qemu/vic.o
 .bss           0x00000000        0x0 ../system/platforms/arm-qemu/vic.o
 .text.vic_disable_irq
                0x00000000       0x2c ../system/platforms/arm-qemu/vic.o
 .text.get_irq  0x00000000       0x2c ../system/platforms/arm-qemu/vic.o
 .text          0x00000000        0x0 ../system/platforms/arm-qemu/timer.o
 .text          0x00000000        0x0 ../system/platforms/arm-qemu/mem.o
 .data          0x00000000        0x0 ../system/platforms/arm-qemu/mem.o
 .bss           0x00000000        0x0 ../system/platforms/arm-qemu/mem.o
 .text          0x00000000        0x0 ../system/platforms/arm-qemu/test.o
 .data          0x00000000        0x0 ../system/platforms/arm-qemu/test.o
 .text.thr      0x00000000       0x54 ../system/platforms/arm-qemu/test.o
 .text.thr3     0x00000000      0x158 ../system/platforms/arm-qemu/test.o
 .text.thr2     0x00000000      0x188 ../system/platforms/arm-qemu/test.o
 .text.threadTest
                0x00000000       0xf4 ../system/platforms/arm-qemu/test.o
 .text          0x00000000        0x0 ../system/initialize.o
 .data          0x00000000        0x0 ../system/initialize.o
 .text          0x00000000        0x0 ../system/queue.o
 .data          0x00000000        0x0 ../system/queue.o
 .text          0x00000000        0x0 ../system/kill.o
 .data          0x00000000        0x0 ../system/kill.o
 .bss           0x00000000        0x0 ../system/kill.o
 .text          0x00000000        0x0 ../system/ready.o
 .data          0x00000000        0x0 ../system/ready.o
 .bss           0x00000000        0x0 ../system/ready.o
 .text          0x00000000        0x0 ../system/resched.o
 .data          0x00000000        0x0 ../system/resched.o
 .text          0x00000000        0x0 ../system/resume.o
 .data          0x00000000        0x0 ../system/resume.o
 .bss           0x00000000        0x0 ../system/resume.o
 .text.resume   0x00000000       0xdc ../system/resume.o
 .comment       0x00000000       0x31 ../system/resume.o
 .ARM.attributes
                0x00000000       0x32 ../system/resume.o
 .text          0x00000000        0x0 ../system/suspend.o
 .data          0x00000000        0x0 ../system/suspend.o
 .bss           0x00000000        0x0 ../system/suspend.o
 .text.suspend  0x00000000      0x124 ../system/suspend.o
 .comment       0x00000000       0x31 ../system/suspend.o
 .ARM.attributes
                0x00000000       0x32 ../system/suspend.o
 .text          0x00000000        0x0 ../system/chprio.o
 .data          0x00000000        0x0 ../system/chprio.o
 .bss           0x00000000        0x0 ../system/chprio.o
 .text.chprio   0x00000000       0xd0 ../system/chprio.o
 .comment       0x00000000       0x31 ../system/chprio.o
 .ARM.attributes
                0x00000000       0x32 ../system/chprio.o
 .text          0x00000000        0x0 ../system/getprio.o
 .data          0x00000000        0x0 ../system/getprio.o
 .bss           0x00000000        0x0 ../system/getprio.o
 .text.getprio  0x00000000       0xd4 ../system/getprio.o
 .comment       0x00000000       0x31 ../system/getprio.o
 .ARM.attributes
                0x00000000       0x32 ../system/getprio.o
 .text          0x00000000        0x0 ../system/getitem.o
 .data          0x00000000        0x0 ../system/getitem.o
 .bss           0x00000000        0x0 ../system/getitem.o
 .text.getlast  0x00000000       0xd4 ../system/getitem.o
 .text          0x00000000        0x0 ../system/queinit.o
 .bss           0x00000000        0x0 ../system/queinit.o
 .text          0x00000000        0x0 ../system/insert.o
 .data          0x00000000        0x0 ../system/insert.o
 .bss           0x00000000        0x0 ../system/insert.o
 .text          0x00000000        0x0 ../system/gettid.o
 .data          0x00000000        0x0 ../system/gettid.o
 .bss           0x00000000        0x0 ../system/gettid.o
 .text          0x00000000        0x0 ../system/xdone.o
 .data          0x00000000        0x0 ../system/xdone.o
 .bss           0x00000000        0x0 ../system/xdone.o
 .text          0x00000000        0x0 ../system/yield.o
 .data          0x00000000        0x0 ../system/yield.o
 .bss           0x00000000        0x0 ../system/yield.o
 .text.yield    0x00000000       0x30 ../system/yield.o
 .comment       0x00000000       0x31 ../system/yield.o
 .ARM.attributes
                0x00000000       0x32 ../system/yield.o
 .text          0x00000000        0x0 ../system/userret.o
 .data          0x00000000        0x0 ../system/userret.o
 .bss           0x00000000        0x0 ../system/userret.o
 .text          0x00000000        0x0 ../system/clkinit.o
 .data          0x00000000        0x0 ../system/clkinit.o
 .text          0x00000000        0x0 ../system/clkhandler.o
 .data          0x00000000        0x0 ../system/clkhandler.o
 .bss           0x00000000        0x0 ../system/clkhandler.o
 .text.clkhandler
                0x00000000      0x140 ../system/clkhandler.o
 .comment       0x00000000       0x31 ../system/clkhandler.o
 .ARM.attributes
                0x00000000       0x32 ../system/clkhandler.o
 .text          0x00000000        0x0 ../system/insertd.o
 .data          0x00000000        0x0 ../system/insertd.o
 .bss           0x00000000        0x0 ../system/insertd.o
 .text.insertd  0x00000000      0x2f0 ../system/insertd.o
 .comment       0x00000000       0x31 ../system/insertd.o
 .ARM.attributes
                0x00000000       0x32 ../system/insertd.o
 .text          0x00000000        0x0 ../system/sleep.o
 .data          0x00000000        0x0 ../system/sleep.o
 .bss           0x00000000        0x0 ../system/sleep.o
 .text.sleep    0x00000000       0xfc ../system/sleep.o
 .comment       0x00000000       0x31 ../system/sleep.o
 .ARM.attributes
                0x00000000       0x32 ../system/sleep.o
 .text          0x00000000        0x0 ../system/unsleep.o
 .data          0x00000000        0x0 ../system/unsleep.o
 .bss           0x00000000        0x0 ../system/unsleep.o
 .text          0x00000000        0x0 ../system/wakeup.o
 .data          0x00000000        0x0 ../system/wakeup.o
 .bss           0x00000000        0x0 ../system/wakeup.o
 .text.wakeup   0x00000000       0xd4 ../system/wakeup.o
 .comment       0x00000000       0x31 ../system/wakeup.o
 .ARM.attributes
                0x00000000       0x32 ../system/wakeup.o
 .text          0x00000000        0x0 ../system/semcreate.o
 .data          0x00000000        0x0 ../system/semcreate.o
 .text          0x00000000        0x0 ../system/semfree.o
 .data          0x00000000        0x0 ../system/semfree.o
 .bss           0x00000000        0x0 ../system/semfree.o
 .text.semfree  0x00000000      0x108 ../system/semfree.o
 .comment       0x00000000       0x31 ../system/semfree.o
 .ARM.attributes
                0x00000000       0x32 ../system/semfree.o
 .text          0x00000000        0x0 ../system/semcount.o
 .data          0x00000000        0x0 ../system/semcount.o
 .bss           0x00000000        0x0 ../system/semcount.o
 .text          0x00000000        0x0 ../system/signal.o
 .data          0x00000000        0x0 ../system/signal.o
 .bss           0x00000000        0x0 ../system/signal.o
 .text          0x00000000        0x0 ../system/signaln.o
 .data          0x00000000        0x0 ../system/signaln.o
 .bss           0x00000000        0x0 ../system/signaln.o
 .text          0x00000000        0x0 ../system/wait.o
 .data          0x00000000        0x0 ../system/wait.o
 .bss           0x00000000        0x0 ../system/wait.o
 .text          0x00000000        0x0 ../system/memget.o
 .data          0x00000000        0x0 ../system/memget.o
 .bss           0x00000000        0x0 ../system/memget.o
 .text.memget   0x00000000      0x11c ../system/memget.o
 .comment       0x00000000       0x31 ../system/memget.o
 .ARM.attributes
                0x00000000       0x32 ../system/memget.o
 .text          0x00000000        0x0 ../system/memfree.o
 .data          0x00000000        0x0 ../system/memfree.o
 .bss           0x00000000        0x0 ../system/memfree.o
 .text          0x00000000        0x0 ../system/stkget.o
 .data          0x00000000        0x0 ../system/stkget.o
 .bss           0x00000000        0x0 ../system/stkget.o
 .text          0x00000000        0x0 ../system/bfpalloc.o
 .data          0x00000000        0x0 ../system/bfpalloc.o
 .bss           0x00000000        0x0 ../system/bfpalloc.o
 .text.bfpalloc
                0x00000000      0x1f8 ../system/bfpalloc.o
 .comment       0x00000000       0x31 ../system/bfpalloc.o
 .ARM.attributes
                0x00000000       0x32 ../system/bfpalloc.o
 .text          0x00000000        0x0 ../system/bfpfree.o
 .data          0x00000000        0x0 ../system/bfpfree.o
 .bss           0x00000000        0x0 ../system/bfpfree.o
 .text.bfpfree  0x00000000      0x120 ../system/bfpfree.o
 .comment       0x00000000       0x31 ../system/bfpfree.o
 .ARM.attributes
                0x00000000       0x32 ../system/bfpfree.o
 .text          0x00000000        0x0 ../system/bufget.o
 .data          0x00000000        0x0 ../system/bufget.o
 .bss           0x00000000        0x0 ../system/bufget.o
 .text.bufget   0x00000000       0xe0 ../system/bufget.o
 .comment       0x00000000       0x31 ../system/bufget.o
 .ARM.attributes
                0x00000000       0x32 ../system/bufget.o
 .text          0x00000000        0x0 ../system/buffree.o
 .data          0x00000000        0x0 ../system/buffree.o
 .bss           0x00000000        0x0 ../system/buffree.o
 .text.buffree  0x00000000      0x110 ../system/buffree.o
 .comment       0x00000000       0x31 ../system/buffree.o
 .ARM.attributes
                0x00000000       0x32 ../system/buffree.o
 .text          0x00000000        0x0 ../system/send.o
 .data          0x00000000        0x0 ../system/send.o
 .bss           0x00000000        0x0 ../system/send.o
 .text          0x00000000        0x0 ../system/receive.o
 .data          0x00000000        0x0 ../system/receive.o
 .bss           0x00000000        0x0 ../system/receive.o
 .text.receive  0x00000000       0x8c ../system/receive.o
 .comment       0x00000000       0x31 ../system/receive.o
 .ARM.attributes
                0x00000000       0x32 ../system/receive.o
 .text          0x00000000        0x0 ../system/recvclr.o
 .data          0x00000000        0x0 ../system/recvclr.o
 .bss           0x00000000        0x0 ../system/recvclr.o
 .text.recvclr  0x00000000       0x8c ../system/recvclr.o
 .comment       0x00000000       0x31 ../system/recvclr.o
 .ARM.attributes
                0x00000000       0x32 ../system/recvclr.o
 .text          0x00000000        0x0 ../system/recvtime.o
 .data          0x00000000        0x0 ../system/recvtime.o
 .bss           0x00000000        0x0 ../system/recvtime.o
 .text.recvtime
                0x00000000      0x12c ../system/recvtime.o
 .comment       0x00000000       0x31 ../system/recvtime.o
 .ARM.attributes
                0x00000000       0x32 ../system/recvtime.o
 .text          0x00000000        0x0 ../system/close.o
 .data          0x00000000        0x0 ../system/close.o
 .bss           0x00000000        0x0 ../system/close.o
 .text.close    0x00000000       0x7c ../system/close.o
 .comment       0x00000000       0x31 ../system/close.o
 .ARM.attributes
                0x00000000       0x32 ../system/close.o
 .text          0x00000000        0x0 ../system/control.o
 .data          0x00000000        0x0 ../system/control.o
 .bss           0x00000000        0x0 ../system/control.o
 .text.control  0x00000000       0x94 ../system/control.o
 .comment       0x00000000       0x31 ../system/control.o
 .ARM.attributes
                0x00000000       0x32 ../system/control.o
 .text          0x00000000        0x0 ../system/getc.o
 .data          0x00000000        0x0 ../system/getc.o
 .bss           0x00000000        0x0 ../system/getc.o
 .text          0x00000000        0x0 ../system/open.o
 .data          0x00000000        0x0 ../system/open.o
 .bss           0x00000000        0x0 ../system/open.o
 .text.open     0x00000000       0x90 ../system/open.o
 .comment       0x00000000       0x31 ../system/open.o
 .ARM.attributes
                0x00000000       0x32 ../system/open.o
 .text          0x00000000        0x0 ../system/ioerr.o
 .data          0x00000000        0x0 ../system/ioerr.o
 .bss           0x00000000        0x0 ../system/ioerr.o
 .text          0x00000000        0x0 ../system/ionull.o
 .data          0x00000000        0x0 ../system/ionull.o
 .bss           0x00000000        0x0 ../system/ionull.o
 .text          0x00000000        0x0 ../system/read.o
 .data          0x00000000        0x0 ../system/read.o
 .bss           0x00000000        0x0 ../system/read.o
 .text.read     0x00000000       0x8c ../system/read.o
 .comment       0x00000000       0x31 ../system/read.o
 .ARM.attributes
                0x00000000       0x32 ../system/read.o
 .text          0x00000000        0x0 ../system/putc.o
 .data          0x00000000        0x0 ../system/putc.o
 .bss           0x00000000        0x0 ../system/putc.o
 .text          0x00000000        0x0 ../system/seek.o
 .data          0x00000000        0x0 ../system/seek.o
 .bss           0x00000000        0x0 ../system/seek.o
 .text.seek     0x00000000       0x88 ../system/seek.o
 .comment       0x00000000       0x31 ../system/seek.o
 .ARM.attributes
                0x00000000       0x32 ../system/seek.o
 .text          0x00000000        0x0 ../system/write.o
 .data          0x00000000        0x0 ../system/write.o
 .bss           0x00000000        0x0 ../system/write.o
 .text          0x00000000        0x0 ../system/getdev.o
 .data          0x00000000        0x0 ../system/getdev.o
 .bss           0x00000000        0x0 ../system/getdev.o
 .text.getdev   0x00000000       0x9c ../system/getdev.o
 .comment       0x00000000       0x31 ../system/getdev.o
 .ARM.attributes
                0x00000000       0x32 ../system/getdev.o
 .text          0x00000000        0x0 ../system/debug.o
 .data          0x00000000        0x0 ../system/debug.o
 .bss           0x00000000        0x0 ../system/debug.o
 .rodata        0x00000000       0x28 ../system/debug.o
 .text.hexdump_print
                0x00000000      0x128 ../system/debug.o
 .text.hexdump  0x00000000      0x3c8 ../system/debug.o
 .comment       0x00000000       0x31 ../system/debug.o
 .ARM.attributes
                0x00000000       0x32 ../system/debug.o
 .text          0x00000000        0x0 ../system/tar.o
 .data          0x00000000        0x0 ../system/tar.o
 .bss           0x00000000        0x0 ../system/tar.o
 .text.tarListFiles
                0x00000000       0xe8 ../system/tar.o
 .text.tarGetFile
                0x00000000       0xb4 ../system/tar.o
 .text.tarGetFilesize
                0x00000000       0x30 ../system/tar.o
 .rodata        0x00000000        0x8 ../system/tar.o
 .text.tarGetData
                0x00000000       0xb0 ../system/tar.o
 .text.tarFilesize
                0x00000000       0x70 ../system/tar.o
 .comment       0x00000000       0x31 ../system/tar.o
 .ARM.attributes
                0x00000000       0x32 ../system/tar.o
 .text          0x00000000        0x0 ../device/uart-fluke-bluetooth/uartInit.o
 .data          0x00000000        0x0 ../device/uart-fluke-bluetooth/uartInit.o
 .text          0x00000000        0x0 ../device/uart-fluke-bluetooth/uartWrite.o
 .data          0x00000000        0x0 ../device/uart-fluke-bluetooth/uartWrite.o
 .bss           0x00000000        0x0 ../device/uart-fluke-bluetooth/uartWrite.o
 .text          0x00000000        0x0 ../device/uart-fluke-bluetooth/uartRead.o
 .data          0x00000000        0x0 ../device/uart-fluke-bluetooth/uartRead.o
 .bss           0x00000000        0x0 ../device/uart-fluke-bluetooth/uartRead.o
 .text          0x00000000        0x0 ../device/uart-fluke-bluetooth/uartPutc.o
 .data          0x00000000        0x0 ../device/uart-fluke-bluetooth/uartPutc.o
 .bss           0x00000000        0x0 ../device/uart-fluke-bluetooth/uartPutc.o
 .text          0x00000000        0x0 ../device/uart-fluke-bluetooth/uartGetc.o
 .data          0x00000000        0x0 ../device/uart-fluke-bluetooth/uartGetc.o
 .bss           0x00000000        0x0 ../device/uart-fluke-bluetooth/uartGetc.o
 .text          0x00000000        0x0 ../device/uart-fluke-bluetooth/uartInterrupt.o
 .data          0x00000000        0x0 ../device/uart-fluke-bluetooth/uartInterrupt.o
 .bss           0x00000000        0x0 ../device/uart-fluke-bluetooth/uartInterrupt.o
 .text          0x00000000        0x0 ../device/uart-fluke-bluetooth/kprintf.o
 .data          0x00000000        0x0 ../device/uart-fluke-bluetooth/kprintf.o
 .bss           0x00000000        0x0 ../device/uart-fluke-bluetooth/kprintf.o
 .text.kinitputc
                0x00000000        0x4 ../device/uart-fluke-bluetooth/kprintf.o
 .text          0x00000000        0x0 ../device/uart-fluke-bluetooth/power.o
 .data          0x00000000        0x0 ../device/uart-fluke-bluetooth/power.o
 .bss           0x00000000        0x0 ../device/uart-fluke-bluetooth/power.o
 .text          0x00000000        0x0 ../device/loopback/loopbackGetc.o
 .data          0x00000000        0x0 ../device/loopback/loopbackGetc.o
 .bss           0x00000000        0x0 ../device/loopback/loopbackGetc.o
 .text.loopbackGetc
                0x00000000       0xc0 ../device/loopback/loopbackGetc.o
 .comment       0x00000000       0x31 ../device/loopback/loopbackGetc.o
 .ARM.attributes
                0x00000000       0x32 ../device/loopback/loopbackGetc.o
 .text          0x00000000        0x0 ../device/loopback/loopbackClose.o
 .data          0x00000000        0x0 ../device/loopback/loopbackClose.o
 .bss           0x00000000        0x0 ../device/loopback/loopbackClose.o
 .text.loopbackClose
                0x00000000       0x9c ../device/loopback/loopbackClose.o
 .comment       0x00000000       0x31 ../device/loopback/loopbackClose.o
 .ARM.attributes
                0x00000000       0x32 ../device/loopback/loopbackClose.o
 .text          0x00000000        0x0 ../device/loopback/loopbackOpen.o
 .data          0x00000000        0x0 ../device/loopback/loopbackOpen.o
 .bss           0x00000000        0x0 ../device/loopback/loopbackOpen.o
 .text.loopbackOpen
                0x00000000       0xc8 ../device/loopback/loopbackOpen.o
 .comment       0x00000000       0x31 ../device/loopback/loopbackOpen.o
 .ARM.attributes
                0x00000000       0x32 ../device/loopback/loopbackOpen.o
 .text          0x00000000        0x0 ../device/loopback/loopbackPutc.o
 .data          0x00000000        0x0 ../device/loopback/loopbackPutc.o
 .bss           0x00000000        0x0 ../device/loopback/loopbackPutc.o
 .text.loopbackPutc
                0x00000000      0x108 ../device/loopback/loopbackPutc.o
 .comment       0x00000000       0x31 ../device/loopback/loopbackPutc.o
 .ARM.attributes
                0x00000000       0x32 ../device/loopback/loopbackPutc.o
 .text          0x00000000        0x0 ../device/loopback/loopbackWrite.o
 .data          0x00000000        0x0 ../device/loopback/loopbackWrite.o
 .bss           0x00000000        0x0 ../device/loopback/loopbackWrite.o
 .text.loopbackWrite
                0x00000000       0xd8 ../device/loopback/loopbackWrite.o
 .comment       0x00000000       0x31 ../device/loopback/loopbackWrite.o
 .ARM.attributes
                0x00000000       0x32 ../device/loopback/loopbackWrite.o
 .text          0x00000000        0x0 ../device/loopback/loopbackRead.o
 .data          0x00000000        0x0 ../device/loopback/loopbackRead.o
 .bss           0x00000000        0x0 ../device/loopback/loopbackRead.o
 .text.loopbackRead
                0x00000000       0xc8 ../device/loopback/loopbackRead.o
 .comment       0x00000000       0x31 ../device/loopback/loopbackRead.o
 .ARM.attributes
                0x00000000       0x32 ../device/loopback/loopbackRead.o
 .text          0x00000000        0x0 ../device/loopback/loopbackControl.o
 .data          0x00000000        0x0 ../device/loopback/loopbackControl.o
 .bss           0x00000000        0x0 ../device/loopback/loopbackControl.o
 .text.loopbackControl
                0x00000000       0xf8 ../device/loopback/loopbackControl.o
 .comment       0x00000000       0x31 ../device/loopback/loopbackControl.o
 .ARM.attributes
                0x00000000       0x32 ../device/loopback/loopbackControl.o
 .text          0x00000000        0x0 ../device/loopback/loopbackInit.o
 .data          0x00000000        0x0 ../device/loopback/loopbackInit.o
 .bss           0x00000000        0x4 ../device/loopback/loopbackInit.o
 .text.loopbackInit
                0x00000000       0x68 ../device/loopback/loopbackInit.o
 .comment       0x00000000       0x31 ../device/loopback/loopbackInit.o
 .ARM.attributes
                0x00000000       0x32 ../device/loopback/loopbackInit.o
 .text          0x00000000        0x0 ../device/led/ledInit.o
 .text.clear_rts
                0x00000000       0x14 ../device/led/ledInit.o
 .text.set_rts  0x00000000       0x14 ../device/led/ledInit.o
 .text.getchBlockRTS
                0x00000000       0x48 ../device/led/ledInit.o
 .text          0x00000000        0x0 ../device/led/ledWrite.o
 .data          0x00000000        0x0 ../device/led/ledWrite.o
 .bss           0x00000000        0x0 ../device/led/ledWrite.o
 .text          0x00000000        0x0 ../apps/date.o
 .data          0x00000000       0xb8 ../apps/date.o
 .bss           0x00000000        0x4 ../apps/date.o
 .rodata        0x00000000       0xfc ../apps/date.o
 .text.get_datetime
                0x00000000       0x24 ../apps/date.o
 .text.set_datetime
                0x00000000       0x48 ../apps/date.o
 .text.printDate
                0x00000000       0x24 ../apps/date.o
 .text.printDateTZ
                0x00000000      0x174 ../apps/date.o
 .text.convertDate
                0x00000000      0x764 ../apps/date.o
 .comment       0x00000000       0x31 ../apps/date.o
 .ARM.attributes
                0x00000000       0x32 ../apps/date.o
 .text          0x00000000        0x0 ../apps/rdate.o
 .data          0x00000000        0x0 ../apps/rdate.o
 .bss           0x00000000        0x0 ../apps/rdate.o
 .rodata        0x00000000       0x1c ../apps/rdate.o
 .text.getRdate
                0x00000000      0x1ec ../apps/rdate.o
 .text.rdate    0x00000000       0x4c ../apps/rdate.o
 .comment       0x00000000       0x31 ../apps/rdate.o
 .ARM.attributes
                0x00000000       0x32 ../apps/rdate.o
 .text          0x00000000        0x0 ../mailbox/mailboxAlloc.o
 .data          0x00000000        0x0 ../mailbox/mailboxAlloc.o
 .bss           0x00000000        0x4 ../mailbox/mailboxAlloc.o
 .text.mailboxAlloc
                0x00000000      0x244 ../mailbox/mailboxAlloc.o
 .comment       0x00000000       0x31 ../mailbox/mailboxAlloc.o
 .ARM.attributes
                0x00000000       0x32 ../mailbox/mailboxAlloc.o
 .text          0x00000000        0x0 ../mailbox/mailboxCount.o
 .data          0x00000000        0x0 ../mailbox/mailboxCount.o
 .bss           0x00000000        0x0 ../mailbox/mailboxCount.o
 .text.mailboxCount
                0x00000000       0x90 ../mailbox/mailboxCount.o
 .comment       0x00000000       0x31 ../mailbox/mailboxCount.o
 .ARM.attributes
                0x00000000       0x32 ../mailbox/mailboxCount.o
 .text          0x00000000        0x0 ../mailbox/mailboxFree.o
 .data          0x00000000        0x0 ../mailbox/mailboxFree.o
 .bss           0x00000000        0x0 ../mailbox/mailboxFree.o
 .text.mailboxFree
                0x00000000      0x138 ../mailbox/mailboxFree.o
 .comment       0x00000000       0x31 ../mailbox/mailboxFree.o
 .ARM.attributes
                0x00000000       0x32 ../mailbox/mailboxFree.o
 .text          0x00000000        0x0 ../mailbox/mailboxInit.o
 .data          0x00000000        0x0 ../mailbox/mailboxInit.o
 .text          0x00000000        0x0 ../mailbox/mailboxReceive.o
 .data          0x00000000        0x0 ../mailbox/mailboxReceive.o
 .bss           0x00000000        0x0 ../mailbox/mailboxReceive.o
 .text.mailboxReceive
                0x00000000      0x108 ../mailbox/mailboxReceive.o
 .comment       0x00000000       0x31 ../mailbox/mailboxReceive.o
 .ARM.attributes
                0x00000000       0x32 ../mailbox/mailboxReceive.o
 .text          0x00000000        0x0 ../mailbox/mailboxSend.o
 .data          0x00000000        0x0 ../mailbox/mailboxSend.o
 .bss           0x00000000        0x0 ../mailbox/mailboxSend.o
 .text.mailboxSend
                0x00000000      0x100 ../mailbox/mailboxSend.o
 .comment       0x00000000       0x31 ../mailbox/mailboxSend.o
 .ARM.attributes
                0x00000000       0x32 ../mailbox/mailboxSend.o
 .text          0x00000000        0x0 ../system/conf.o
 .data          0x00000000        0x0 ../system/conf.o
 .bss           0x00000000        0x0 ../system/conf.o
 .text          0x00000000        0x0 ../system/main.o
 .data          0x00000000        0x0 ../system/main.o
 .bss           0x00000000        0x0 ../system/main.o
 .text          0x00000000        0x0 ../lib/libxc.a(bzero.o)
 .data          0x00000000        0x0 ../lib/libxc.a(bzero.o)
 .bss           0x00000000        0x0 ../lib/libxc.a(bzero.o)
 .text.bzero    0x00000000       0x1c ../lib/libxc.a(bzero.o)
 .comment       0x00000000       0x31 ../lib/libxc.a(bzero.o)
 .ARM.attributes
                0x00000000       0x32 ../lib/libxc.a(bzero.o)
 .text          0x00000000        0x0 ../lib/libxc.a(doprnt.o)
 .data          0x00000000        0x0 ../lib/libxc.a(doprnt.o)
 .bss           0x00000000        0x0 ../lib/libxc.a(doprnt.o)
 .text          0x00000000        0x0 ../lib/libxc.a(fprintf.o)
 .data          0x00000000        0x0 ../lib/libxc.a(fprintf.o)
 .bss           0x00000000        0x0 ../lib/libxc.a(fprintf.o)
 .text.fprintf  0x00000000       0x34 ../lib/libxc.a(fprintf.o)
 .comment       0x00000000       0x31 ../lib/libxc.a(fprintf.o)
 .ARM.attributes
                0x00000000       0x32 ../lib/libxc.a(fprintf.o)
 .text          0x00000000        0x0 ../lib/libxc.a(memcpy.o)
 .data          0x00000000        0x0 ../lib/libxc.a(memcpy.o)
 .bss           0x00000000        0x0 ../lib/libxc.a(memcpy.o)
 .text.memcpy   0x00000000       0x20 ../lib/libxc.a(memcpy.o)
 .comment       0x00000000       0x31 ../lib/libxc.a(memcpy.o)
 .ARM.attributes
                0x00000000       0x32 ../lib/libxc.a(memcpy.o)
 .text          0x00000000        0x0 ../lib/libxc.a(printf.o)
 .data          0x00000000        0x0 ../lib/libxc.a(printf.o)
 .bss           0x00000000        0x0 ../lib/libxc.a(printf.o)
 .text          0x00000000        0x0 ../lib/libxc.a(strncmp.o)
 .data          0x00000000        0x0 ../lib/libxc.a(strncmp.o)
 .bss           0x00000000        0x0 ../lib/libxc.a(strncmp.o)
 .text.strncmp  0x00000000       0x40 ../lib/libxc.a(strncmp.o)
 .comment       0x00000000       0x31 ../lib/libxc.a(strncmp.o)
 .ARM.attributes
                0x00000000       0x32 ../lib/libxc.a(strncmp.o)
 .text          0x00000000        0x0 ../lib/libxc.a(strncpy.o)
 .data          0x00000000        0x0 ../lib/libxc.a(strncpy.o)
 .bss           0x00000000        0x0 ../lib/libxc.a(strncpy.o)
 .text          0x00000000      0x114 /usr/local/lib/gcc/arm-none-eabi/4.6.3//libgcc.a(_udivsi3.o)
 .data          0x00000000        0x0 /usr/local/lib/gcc/arm-none-eabi/4.6.3//libgcc.a(_udivsi3.o)
 .bss           0x00000000        0x0 /usr/local/lib/gcc/arm-none-eabi/4.6.3//libgcc.a(_udivsi3.o)
 .debug_frame   0x00000000       0x20 /usr/local/lib/gcc/arm-none-eabi/4.6.3//libgcc.a(_udivsi3.o)
 .ARM.attributes
                0x00000000       0x1a /usr/local/lib/gcc/arm-none-eabi/4.6.3//libgcc.a(_udivsi3.o)
 .data          0x00000000        0x0 /usr/local/lib/gcc/arm-none-eabi/4.6.3//libgcc.a(_divsi3.o)
 .bss           0x00000000        0x0 /usr/local/lib/gcc/arm-none-eabi/4.6.3//libgcc.a(_divsi3.o)
 .data          0x00000000        0x0 /usr/local/lib/gcc/arm-none-eabi/4.6.3//libgcc.a(_dvmd_tls.o)
 .bss           0x00000000        0x0 /usr/local/lib/gcc/arm-none-eabi/4.6.3//libgcc.a(_dvmd_tls.o)

Memory Configuration

Name             Origin             Length             Attributes
flash            0x00000000         0x00020000
ram              0x40000000         0x00010000
*default*        0x00000000         0xffffffff

Linker script and memory map


.text           0x00000000     0x5dcd
 *(.text .text.*)
 .text          0x00000000      0x2a8 ../loader/platforms/arm-qemu/start.o
                0x00000000                _start
                0x000001fc                Reset_Handler
 *fill*         0x000002a8        0x8 00
 .text          0x000002b0       0x30 ../system/platforms/arm-qemu/ctxsw.o
                0x000002b0                ctxsw
 .text          0x000002e0       0x10 ../system/platforms/arm-qemu/pause.o
                0x000002e0                pause
 .text          0x000002f0       0x1c ../device/uart-fluke-bluetooth/usleep.o
                0x000002f0                usleep
 .text.create   0x0000030c      0x38c ../system/platforms/arm-qemu/create.o
                0x0000030c                create
 .text.thrnew   0x00000698       0xd0 ../system/platforms/arm-qemu/create.o
 .text.setup_pins
                0x00000768       0x2c ../system/platforms/arm-qemu/debug.o
                0x00000768                setup_pins
 .text.led_on   0x00000794       0x14 ../system/platforms/arm-qemu/debug.o
                0x00000794                led_on
 .text.led_off  0x000007a8       0x14 ../system/platforms/arm-qemu/debug.o
                0x000007a8                led_off
 .text.SWI_Routine
                0x000007bc        0x4 ../system/platforms/arm-qemu/handlers.o
                0x000007bc                SWI_Routine
 .text.UNDEF_Routine
                0x000007c0        0x4 ../system/platforms/arm-qemu/handlers.o
                0x000007c0                UNDEF_Routine
 .text.FIQ_Routine
                0x000007c4        0x4 ../system/platforms/arm-qemu/handlers.o
                0x000007c4                FIQ_Routine
 .text.vic_enable_interrupts
                0x000007c8       0x30 ../system/platforms/arm-qemu/interrupt.o
 .text.vic_disable_interrupts
                0x000007f8       0x30 ../system/platforms/arm-qemu/interrupt.o
 .text.enable   0x00000828       0x20 ../system/platforms/arm-qemu/interrupt.o
                0x00000828                enable
 .text.disable  0x00000848       0x28 ../system/platforms/arm-qemu/interrupt.o
                0x00000848                disable
 .text.restore  0x00000870       0x30 ../system/platforms/arm-qemu/interrupt.o
                0x00000870                restore
 .text.enable_irq
                0x000008a0       0x30 ../system/platforms/arm-qemu/interrupt.o
                0x000008a0                enable_irq
 .text.register_irq
                0x000008d0       0x30 ../system/platforms/arm-qemu/interrupt.o
                0x000008d0                register_irq
 .text.irq_handled
                0x00000900       0x10 ../system/platforms/arm-qemu/interrupt.o
                0x00000900                irq_handled
 .text.platforminit
                0x00000910       0xec ../system/platforms/arm-qemu/platforminit.o
                0x00000910                platforminit
 .text._startup
                0x000009fc      0x118 ../system/platforms/arm-qemu/stubs.o
                0x000009fc                _startup
 .text.halt     0x00000b14        0x4 ../system/platforms/arm-qemu/stubs.o
                0x00000b14                halt
 .text.irqmask_pack
                0x00000b18       0x44 ../system/platforms/arm-qemu/vic.o
 .text.irqmask_interrupts_enabled
                0x00000b5c       0x1c ../system/platforms/arm-qemu/vic.o
 .text.vic_enable_interrupts
                0x00000b78       0x30 ../system/platforms/arm-qemu/vic.o
 .text.vic_disable_interrupts
                0x00000ba8       0x30 ../system/platforms/arm-qemu/vic.o
 .text.vic_interrupts_enabled
                0x00000bd8       0x34 ../system/platforms/arm-qemu/vic.o
 .text.vic_default
                0x00000c0c       0x9c ../system/platforms/arm-qemu/vic.o
                0x00000c0c                vic_default
 .text.vic_init
                0x00000ca8       0x1c ../system/platforms/arm-qemu/vic.o
                0x00000ca8                vic_init
 .text.vic_get_irqmask
                0x00000cc4       0x38 ../system/platforms/arm-qemu/vic.o
                0x00000cc4                vic_get_irqmask
 .text.vic_set_irqmask
                0x00000cfc       0x60 ../system/platforms/arm-qemu/vic.o
                0x00000cfc                vic_set_irqmask
 .text.vic_enable_irq
                0x00000d5c       0x2c ../system/platforms/arm-qemu/vic.o
                0x00000d5c                vic_enable_irq
 .text.vic_register_irq
                0x00000d88       0x54 ../system/platforms/arm-qemu/vic.o
                0x00000d88                vic_register_irq
 .text.vic_interrupt_handled
                0x00000ddc       0x18 ../system/platforms/arm-qemu/vic.o
                0x00000ddc                vic_interrupt_handled
 .text.timer_interrupt
                0x00000df4       0xb4 ../system/platforms/arm-qemu/timer.o
                0x00000df4                timer_interrupt
 .text.timer_init
                0x00000ea8       0x68 ../system/platforms/arm-qemu/timer.o
                0x00000ea8                timer_init
 .text.partC    0x00000f10       0xe8 ../system/platforms/arm-qemu/mem.o
                0x00000f10                partC
 .text.partB    0x00000ff8       0x5c ../system/platforms/arm-qemu/mem.o
                0x00000ff8                partB
 .text.partA    0x00001054       0x5c ../system/platforms/arm-qemu/mem.o
                0x00001054                partA
 .text.findMemory
                0x000010b0       0x7c ../system/platforms/arm-qemu/mem.o
                0x000010b0                findMemory
 .text.tsThr1   0x0000112c       0x5c ../system/platforms/arm-qemu/test.o
 .text.timesliceThreadTest
                0x00001188       0xa8 ../system/platforms/arm-qemu/test.o
 .text.semtest_high
                0x00001230       0x40 ../system/platforms/arm-qemu/test.o
 .text.semtest_low
                0x00001270       0x40 ../system/platforms/arm-qemu/test.o
 .text.semtest  0x000012b0       0xc0 ../system/platforms/arm-qemu/test.o
 .text.uartThread
                0x00001370       0x20 ../system/platforms/arm-qemu/test.o
 .text.uartTest
                0x00001390       0x48 ../system/platforms/arm-qemu/test.o
 .text.uart1_interrupt_handler
                0x000013d8        0x4 ../system/platforms/arm-qemu/test.o
                0x000013d8                uart1_interrupt_handler
 .text.interruptTest
                0x000013dc       0xc8 ../system/platforms/arm-qemu/test.o
 .text.irTest   0x000014a4       0xe8 ../system/platforms/arm-qemu/test.o
 .text.timerTest
                0x0000158c       0x70 ../system/platforms/arm-qemu/test.o
                0x0000158c                timerTest
 .text.runSelectedProgram
                0x000015fc      0x19c ../system/platforms/arm-qemu/test.o
                0x000015fc                runSelectedProgram
 .text.programSwitch
                0x00001798       0xc8 ../system/platforms/arm-qemu/test.o
                0x00001798                programSwitch
 .text.nulluser
                0x00001860      0x11c ../system/initialize.o
                0x00001860                nulluser
 .text.sysinit  0x0000197c      0x460 ../system/initialize.o
 .text.enqueue  0x00001ddc      0x1b0 ../system/queue.o
                0x00001ddc                enqueue
 .text.dequeue  0x00001f8c      0x158 ../system/queue.o
                0x00001f8c                dequeue
 .text.kill     0x000020e4      0x1fc ../system/kill.o
                0x000020e4                kill
 .text.ready    0x000022e0       0xe4 ../system/ready.o
                0x000022e0                ready
 .text.resched  0x000023c4      0x230 ../system/resched.o
                0x000023c4                resched
 .text.getfirst
                0x000025f4       0xd0 ../system/getitem.o
                0x000025f4                getfirst
 .text.getitem  0x000026c4      0x154 ../system/getitem.o
                0x000026c4                getitem
 .text.queinit  0x00002818      0x184 ../system/queinit.o
                0x00002818                queinit
 .text.insert   0x0000299c      0x26c ../system/insert.o
                0x0000299c                insert
 .text.gettid   0x00002c08       0x14 ../system/gettid.o
                0x00002c08                gettid
 .text.xdone    0x00002c1c       0x3c ../system/xdone.o
                0x00002c1c                xdone
 .text.userret  0x00002c58       0x1c ../system/userret.o
                0x00002c58                userret
 .text.clkinit  0x00002c74       0x34 ../system/clkinit.o
                0x00002c74                clkinit
 .text.unsleep  0x00002ca8      0x1a8 ../system/unsleep.o
                0x00002ca8                unsleep
 .text.semcreate
                0x00002e50       0x8c ../system/semcreate.o
                0x00002e50                semcreate
 .text.semalloc
                0x00002edc       0xf8 ../system/semcreate.o
 .text.semcount
                0x00002fd4       0x88 ../system/semcount.o
                0x00002fd4                semcount
 .text.signal   0x0000305c       0xd4 ../system/signal.o
                0x0000305c                signal
 .text.signaln  0x00003130      0x104 ../system/signaln.o
                0x00003130                signaln
 .text.wait     0x00003234      0x118 ../system/wait.o
                0x00003234                wait
 .text.memfree  0x0000334c      0x1a0 ../system/memfree.o
                0x0000334c                memfree
 .text.stkget   0x000034ec      0x158 ../system/stkget.o
                0x000034ec                stkget
 .text.send     0x00003644      0x134 ../system/send.o
                0x00003644                send
 .text.getc     0x00003778       0x7c ../system/getc.o
                0x00003778                getc
 .text.ioerr    0x000037f4        0xc ../system/ioerr.o
                0x000037f4                ioerr
 .text.ionull   0x00003800        0xc ../system/ionull.o
                0x00003800                ionull
 .text.putc     0x0000380c       0x8c ../system/putc.o
                0x0000380c                putc
 .text.write    0x00003898       0x8c ../system/write.o
                0x00003898                write
 .text.uartInit
                0x00003924      0x1b4 ../device/uart-fluke-bluetooth/uartInit.o
                0x00003924                uartInit
 .text.fluke_uart_reg_init
                0x00003ad8       0x88 ../device/uart-fluke-bluetooth/uartInit.o
                0x00003ad8                fluke_uart_reg_init
 .text.uartWrite
                0x00003b60      0x244 ../device/uart-fluke-bluetooth/uartWrite.o
                0x00003b60                uartWrite
 .text.uartRead
                0x00003da4       0x78 ../device/uart-fluke-bluetooth/uartRead.o
                0x00003da4                uartRead
 .text.uartPutc
                0x00003e1c       0x3c ../device/uart-fluke-bluetooth/uartPutc.o
                0x00003e1c                uartPutc
 .text.uart1_set_rts
                0x00003e58       0x14 ../device/uart-fluke-bluetooth/uartGetc.o
                0x00003e58                uart1_set_rts
 .text.uart1_clear_rts
                0x00003e6c       0x14 ../device/uart-fluke-bluetooth/uartGetc.o
                0x00003e6c                uart1_clear_rts
 .text.uartGetc
                0x00003e80       0x60 ../device/uart-fluke-bluetooth/uartGetc.o
                0x00003e80                uartGetc
 .text.uartInterrupt
                0x00003ee0      0x458 ../device/uart-fluke-bluetooth/uartInterrupt.o
                0x00003ee0                uartInterrupt
 .text.kputc    0x00004338       0x84 ../device/uart-fluke-bluetooth/kprintf.o
                0x00004338                kputc
 .text.kgetc    0x000043bc       0x40 ../device/uart-fluke-bluetooth/kprintf.o
                0x000043bc                kgetc
 .text.ksimpleterminal
                0x000043fc       0x60 ../device/uart-fluke-bluetooth/kprintf.o
                0x000043fc                ksimpleterminal
 .text.kprintf  0x0000445c       0x50 ../device/uart-fluke-bluetooth/kprintf.o
                0x0000445c                kprintf
 .text.d2a_wait
                0x000044ac       0x14 ../device/uart-fluke-bluetooth/power.o
                0x000044ac                d2a_wait
 .text.set_d2a  0x000044c0       0xe8 ../device/uart-fluke-bluetooth/power.o
                0x000044c0                set_d2a
 .text.set_bluetooth
                0x000045a8       0x24 ../device/uart-fluke-bluetooth/power.o
                0x000045a8                set_bluetooth
 .text.ledInit  0x000045cc       0xd4 ../device/led/ledInit.o
                0x000045cc                ledInit
 .text.server_set_ir_emittors
                0x000046a0       0xd4 ../device/led/ledInit.o
                0x000046a0                server_set_ir_emittors
 .text.ledWrite
                0x00004774      0x270 ../device/led/ledWrite.o
                0x00004774                ledWrite
 .text.mailboxInit
                0x000049e4       0x98 ../mailbox/mailboxInit.o
                0x000049e4                mailboxInit
 .text.main     0x00004a7c       0x38 ../system/main.o
                0x00004a7c                main
 .text._prtl10  0x00004ab4       0x98 ../lib/libxc.a(doprnt.o)
 .text._doprnt  0x00004b4c      0x618 ../lib/libxc.a(doprnt.o)
                0x00004b4c                _doprnt
 .text.printf   0x00005164       0x50 ../lib/libxc.a(printf.o)
                0x00005164                printf
 .text.strncpy  0x000051b4       0x54 ../lib/libxc.a(strncpy.o)
                0x000051b4                strncpy
 .text          0x00005208      0x148 /usr/local/lib/gcc/arm-none-eabi/4.6.3//libgcc.a(_divsi3.o)
                0x00005208                __aeabi_idiv
                0x00005208                __divsi3
                0x00005330                __aeabi_idivmod
 .text          0x00005350        0x4 /usr/local/lib/gcc/arm-none-eabi/4.6.3//libgcc.a(_dvmd_tls.o)
                0x00005350                __aeabi_ldiv0
                0x00005350                __aeabi_idiv0
 *(.rodata .rodata.*)
 .rodata        0x00005354       0x20 ../system/platforms/arm-qemu/platforminit.o
 .rodata        0x00005374      0x1d8 ../system/platforms/arm-qemu/mem.o
 .rodata        0x0000554c      0x3c0 ../system/platforms/arm-qemu/test.o
 .rodata        0x0000590c      0x358 ../system/initialize.o
 .rodata        0x00005c64       0x2c ../system/xdone.o
 .rodata        0x00005c90      0x114 ../system/conf.o
                0x00005cb4                devtab
 .rodata.str1.1
                0x00005da4       0x29 ../lib/libxc.a(doprnt.o)
 *(.glue_7 .glue_7t)
 .glue_7        0x00000000        0x0 linker stubs
 .glue_7t       0x00000000        0x0 linker stubs
                0x00005dcd                _etext = .

.vfp11_veneer   0x00005dd0        0x0
 .vfp11_veneer  0x00000000        0x0 linker stubs

.v4_bx          0x00005dd0        0x0
 .v4_bx         0x00000000        0x0 linker stubs

.iplt           0x00005dd0        0x0
 .iplt          0x00000000        0x0 ../loader/platforms/arm-qemu/start.o

.rel.dyn        0x00005dd0        0x0
 .rel.iplt      0x00000000        0x0 ../loader/platforms/arm-qemu/start.o

.data           0x40000000       0x10 load address 0x00005dd0
                0x40000000                _data = .
 *(.data .data.*)
 .data          0x40000000        0x4 ../system/platforms/arm-qemu/vic.o
 .data          0x40000004        0x4 ../system/platforms/arm-qemu/timer.o
 .data          0x40000008        0x4 ../system/queinit.o
 .data          0x4000000c        0x4 ../device/led/ledInit.o
                0x4000000c                use_emitters
                0x40000010                _edata = .

.igot.plt       0x40000010        0x0 load address 0x00005de0
 .igot.plt      0x00000000        0x0 ../loader/platforms/arm-qemu/start.o

.bss            0x40000010     0x4720 load address 0x00005de0
                0x40000010                _bss = .
 *(.bss .bss.*)
 .bss           0x40000010        0x4 ../system/platforms/arm-qemu/create.o
 .bss           0x40000014        0x8 ../system/platforms/arm-qemu/timer.o
                0x40000014                ms_counter
                0x40000018                ledon
 .bss           0x4000001c        0x4 ../system/platforms/arm-qemu/test.o
                0x4000001c                numUART1Interrupts
 .bss           0x40000020     0x268c ../system/initialize.o
                0x40000020                thrtab
                0x400020f0                semtab
                0x400025a0                readylist
                0x400025a4                memlist
                0x400025ac                bfptab
                0x4000266c                thrcount
                0x40002670                thrcurrent
                0x40002674                memheap
                0x40002678                cpuid
                0x4000267c                platform
 .bss           0x400026ac      0xe40 ../system/queue.o
                0x400026ac                quetab
 .bss           0x400034ec        0x4 ../system/resched.o
                0x400034ec                resdefer
 .bss           0x400034f0        0xc ../system/clkinit.o
                0x400034f0                clkticks
                0x400034f4                clktime
                0x400034f8                sleepq
 .bss           0x400034fc        0x4 ../system/semcreate.o
 .bss           0x40003500     0x1078 ../device/uart-fluke-bluetooth/uartInit.o
                0x40003500                uarttab
 .bss           0x40004578       0x10 ../device/led/ledInit.o
                0x40004578                ledtab
 .bss           0x40004588      0x1a8 ../mailbox/mailboxInit.o
                0x40004588                mboxtab
                0x4000472c                mboxtabsem
 *(COMMON)
                0x40004730                . = ALIGN (0x4)
                0x40004730                _bss_end = .
                0x40004730                _end = .
LOAD ../loader/platforms/arm-qemu/start.o
LOAD ../system/platforms/arm-qemu/ctxsw.o
LOAD ../system/platforms/arm-qemu/pause.o
LOAD ../device/uart-fluke-bluetooth/usleep.o
LOAD ../system/platforms/arm-qemu/create.o
LOAD ../system/platforms/arm-qemu/debug.o
LOAD ../system/platforms/arm-qemu/handlers.o
LOAD ../system/platforms/arm-qemu/interrupt.o
LOAD ../system/platforms/arm-qemu/platforminit.o
LOAD ../system/platforms/arm-qemu/stubs.o
LOAD ../system/platforms/arm-qemu/vic.o
LOAD ../system/platforms/arm-qemu/timer.o
LOAD ../system/platforms/arm-qemu/mem.o
LOAD ../system/platforms/arm-qemu/test.o
LOAD ../system/initialize.o
LOAD ../system/queue.o
LOAD ../system/kill.o
LOAD ../system/ready.o
LOAD ../system/resched.o
LOAD ../system/resume.o
LOAD ../system/suspend.o
LOAD ../system/chprio.o
LOAD ../system/getprio.o
LOAD ../system/getitem.o
LOAD ../system/queinit.o
LOAD ../system/insert.o
LOAD ../system/gettid.o
LOAD ../system/xdone.o
LOAD ../system/yield.o
LOAD ../system/userret.o
LOAD ../system/clkinit.o
LOAD ../system/clkhandler.o
LOAD ../system/insertd.o
LOAD ../system/sleep.o
LOAD ../system/unsleep.o
LOAD ../system/wakeup.o
LOAD ../system/semcreate.o
LOAD ../system/semfree.o
LOAD ../system/semcount.o
LOAD ../system/signal.o
LOAD ../system/signaln.o
LOAD ../system/wait.o
LOAD ../system/memget.o
LOAD ../system/memfree.o
LOAD ../system/stkget.o
LOAD ../system/bfpalloc.o
LOAD ../system/bfpfree.o
LOAD ../system/bufget.o
LOAD ../system/buffree.o
LOAD ../system/send.o
LOAD ../system/receive.o
LOAD ../system/recvclr.o
LOAD ../system/recvtime.o
LOAD ../system/close.o
LOAD ../system/control.o
LOAD ../system/getc.o
LOAD ../system/open.o
LOAD ../system/ioerr.o
LOAD ../system/ionull.o
LOAD ../system/read.o
LOAD ../system/putc.o
LOAD ../system/seek.o
LOAD ../system/write.o
LOAD ../system/getdev.o
LOAD ../system/debug.o
LOAD ../system/tar.o
LOAD ../device/uart-fluke-bluetooth/uartInit.o
LOAD ../device/uart-fluke-bluetooth/uartWrite.o
LOAD ../device/uart-fluke-bluetooth/uartRead.o
LOAD ../device/uart-fluke-bluetooth/uartPutc.o
LOAD ../device/uart-fluke-bluetooth/uartGetc.o
LOAD ../device/uart-fluke-bluetooth/uartInterrupt.o
LOAD ../device/uart-fluke-bluetooth/kprintf.o
LOAD ../device/uart-fluke-bluetooth/power.o
LOAD ../device/loopback/loopbackGetc.o
LOAD ../device/loopback/loopbackClose.o
LOAD ../device/loopback/loopbackOpen.o
LOAD ../device/loopback/loopbackPutc.o
LOAD ../device/loopback/loopbackWrite.o
LOAD ../device/loopback/loopbackRead.o
LOAD ../device/loopback/loopbackControl.o
LOAD ../device/loopback/loopbackInit.o
LOAD ../device/led/ledInit.o
LOAD ../device/led/ledWrite.o
LOAD ../apps/date.o
LOAD ../apps/rdate.o
LOAD ../mailbox/mailboxAlloc.o
LOAD ../mailbox/mailboxCount.o
LOAD ../mailbox/mailboxFree.o
LOAD ../mailbox/mailboxInit.o
LOAD ../mailbox/mailboxReceive.o
LOAD ../mailbox/mailboxSend.o
LOAD ../system/conf.o
LOAD ../system/main.o
LOAD ../lib/libxc.a
LOAD ../lib/libdsp.a
LOAD /usr/local/lib/gcc/arm-none-eabi/4.6.3//libgcc.a
OUTPUT(xinu.elf elf32-littlearm)

.ARM.attributes
                0x00000000       0x2d
 .ARM.attributes
                0x00000000       0x16 ../loader/platforms/arm-qemu/start.o
 .ARM.attributes
                0x00000016       0x16 ../system/platforms/arm-qemu/ctxsw.o
 .ARM.attributes
                0x0000002c       0x16 ../system/platforms/arm-qemu/pause.o
 .ARM.attributes
                0x00000042       0x16 ../device/uart-fluke-bluetooth/usleep.o
 .ARM.attributes
                0x00000058       0x32 ../system/platforms/arm-qemu/create.o
 .ARM.attributes
                0x0000008a       0x32 ../system/platforms/arm-qemu/debug.o
 .ARM.attributes
                0x000000bc       0x32 ../system/platforms/arm-qemu/handlers.o
 .ARM.attributes
                0x000000ee       0x32 ../system/platforms/arm-qemu/interrupt.o
 .ARM.attributes
                0x00000120       0x32 ../system/platforms/arm-qemu/platforminit.o
 .ARM.attributes
                0x00000152       0x32 ../system/platforms/arm-qemu/stubs.o
 .ARM.attributes
                0x00000184       0x32 ../system/platforms/arm-qemu/vic.o
 .ARM.attributes
                0x000001b6       0x32 ../system/platforms/arm-qemu/timer.o
 .ARM.attributes
                0x000001e8       0x32 ../system/platforms/arm-qemu/mem.o
 .ARM.attributes
                0x0000021a       0x32 ../system/platforms/arm-qemu/test.o
 .ARM.attributes
                0x0000024c       0x32 ../system/initialize.o
 .ARM.attributes
                0x0000027e       0x32 ../system/queue.o
 .ARM.attributes
                0x000002b0       0x32 ../system/kill.o
 .ARM.attributes
                0x000002e2       0x32 ../system/ready.o
 .ARM.attributes
                0x00000314       0x32 ../system/resched.o
 .ARM.attributes
                0x00000346       0x32 ../system/getitem.o
 .ARM.attributes
                0x00000378       0x32 ../system/queinit.o
 .ARM.attributes
                0x000003aa       0x32 ../system/insert.o
 .ARM.attributes
                0x000003dc       0x32 ../system/gettid.o
 .ARM.attributes
                0x0000040e       0x32 ../system/xdone.o
 .ARM.attributes
                0x00000440       0x32 ../system/userret.o
 .ARM.attributes
                0x00000472       0x32 ../system/clkinit.o
 .ARM.attributes
                0x000004a4       0x32 ../system/unsleep.o
 .ARM.attributes
                0x000004d6       0x32 ../system/semcreate.o
 .ARM.attributes
                0x00000508       0x32 ../system/semcount.o
 .ARM.attributes
                0x0000053a       0x32 ../system/signal.o
 .ARM.attributes
                0x0000056c       0x32 ../system/signaln.o
 .ARM.attributes
                0x0000059e       0x32 ../system/wait.o
 .ARM.attributes
                0x000005d0       0x32 ../system/memfree.o
 .ARM.attributes
                0x00000602       0x32 ../system/stkget.o
 .ARM.attributes
                0x00000634       0x32 ../system/send.o
 .ARM.attributes
                0x00000666       0x32 ../system/getc.o
 .ARM.attributes
                0x00000698       0x32 ../system/ioerr.o
 .ARM.attributes
                0x000006ca       0x32 ../system/ionull.o
 .ARM.attributes
                0x000006fc       0x32 ../system/putc.o
 .ARM.attributes
                0x0000072e       0x32 ../system/write.o
 .ARM.attributes
                0x00000760       0x32 ../device/uart-fluke-bluetooth/uartInit.o
 .ARM.attributes
                0x00000792       0x32 ../device/uart-fluke-bluetooth/uartWrite.o
 .ARM.attributes
                0x000007c4       0x32 ../device/uart-fluke-bluetooth/uartRead.o
 .ARM.attributes
                0x000007f6       0x32 ../device/uart-fluke-bluetooth/uartPutc.o
 .ARM.attributes
                0x00000828       0x32 ../device/uart-fluke-bluetooth/uartGetc.o
 .ARM.attributes
                0x0000085a       0x32 ../device/uart-fluke-bluetooth/uartInterrupt.o
 .ARM.attributes
                0x0000088c       0x32 ../device/uart-fluke-bluetooth/kprintf.o
 .ARM.attributes
                0x000008be       0x32 ../device/uart-fluke-bluetooth/power.o
 .ARM.attributes
                0x000008f0       0x32 ../device/led/ledInit.o
 .ARM.attributes
                0x00000922       0x32 ../device/led/ledWrite.o
 .ARM.attributes
                0x00000954       0x32 ../mailbox/mailboxInit.o
 .ARM.attributes
                0x00000986       0x32 ../system/conf.o
 .ARM.attributes
                0x000009b8       0x32 ../system/main.o
 .ARM.attributes
                0x000009ea       0x32 ../lib/libxc.a(doprnt.o)
 .ARM.attributes
                0x00000a1c       0x32 ../lib/libxc.a(printf.o)
 .ARM.attributes
                0x00000a4e       0x32 ../lib/libxc.a(strncpy.o)
 .ARM.attributes
                0x00000a80       0x1a /usr/local/lib/gcc/arm-none-eabi/4.6.3//libgcc.a(_divsi3.o)
 .ARM.attributes
                0x00000a9a       0x18 /usr/local/lib/gcc/arm-none-eabi/4.6.3//libgcc.a(_dvmd_tls.o)

.comment        0x00000000       0x30
 .comment       0x00000000       0x30 ../system/platforms/arm-qemu/create.o
                                 0x31 (size before relaxing)
 .comment       0x00000000       0x31 ../system/platforms/arm-qemu/debug.o
 .comment       0x00000000       0x31 ../system/platforms/arm-qemu/handlers.o
 .comment       0x00000000       0x31 ../system/platforms/arm-qemu/interrupt.o
 .comment       0x00000000       0x31 ../system/platforms/arm-qemu/platforminit.o
 .comment       0x00000000       0x31 ../system/platforms/arm-qemu/stubs.o
 .comment       0x00000000       0x31 ../system/platforms/arm-qemu/vic.o
 .comment       0x00000000       0x31 ../system/platforms/arm-qemu/timer.o
 .comment       0x00000000       0x31 ../system/platforms/arm-qemu/mem.o
 .comment       0x00000000       0x31 ../system/platforms/arm-qemu/test.o
 .comment       0x00000000       0x31 ../system/initialize.o
 .comment       0x00000000       0x31 ../system/queue.o
 .comment       0x00000000       0x31 ../system/kill.o
 .comment       0x00000000       0x31 ../system/ready.o
 .comment       0x00000000       0x31 ../system/resched.o
 .comment       0x00000000       0x31 ../system/getitem.o
 .comment       0x00000000       0x31 ../system/queinit.o
 .comment       0x00000000       0x31 ../system/insert.o
 .comment       0x00000000       0x31 ../system/gettid.o
 .comment       0x00000000       0x31 ../system/xdone.o
 .comment       0x00000000       0x31 ../system/userret.o
 .comment       0x00000000       0x31 ../system/clkinit.o
 .comment       0x00000000       0x31 ../system/unsleep.o
 .comment       0x00000000       0x31 ../system/semcreate.o
 .comment       0x00000000       0x31 ../system/semcount.o
 .comment       0x00000000       0x31 ../system/signal.o
 .comment       0x00000000       0x31 ../system/signaln.o
 .comment       0x00000000       0x31 ../system/wait.o
 .comment       0x00000000       0x31 ../system/memfree.o
 .comment       0x00000000       0x31 ../system/stkget.o
 .comment       0x00000000       0x31 ../system/send.o
 .comment       0x00000000       0x31 ../system/getc.o
 .comment       0x00000000       0x31 ../system/ioerr.o
 .comment       0x00000000       0x31 ../system/ionull.o
 .comment       0x00000000       0x31 ../system/putc.o
 .comment       0x00000000       0x31 ../system/write.o
 .comment       0x00000000       0x31 ../device/uart-fluke-bluetooth/uartInit.o
 .comment       0x00000000       0x31 ../device/uart-fluke-bluetooth/uartWrite.o
 .comment       0x00000000       0x31 ../device/uart-fluke-bluetooth/uartRead.o
 .comment       0x00000000       0x31 ../device/uart-fluke-bluetooth/uartPutc.o
 .comment       0x00000000       0x31 ../device/uart-fluke-bluetooth/uartGetc.o
 .comment       0x00000000       0x31 ../device/uart-fluke-bluetooth/uartInterrupt.o
 .comment       0x00000000       0x31 ../device/uart-fluke-bluetooth/kprintf.o
 .comment       0x00000000       0x31 ../device/uart-fluke-bluetooth/power.o
 .comment       0x00000000       0x31 ../device/led/ledInit.o
 .comment       0x00000000       0x31 ../device/led/ledWrite.o
 .comment       0x00000000       0x31 ../mailbox/mailboxInit.o
 .comment       0x00000000       0x31 ../system/conf.o
 .comment       0x00000000       0x31 ../system/main.o
 .comment       0x00000000       0x31 ../lib/libxc.a(doprnt.o)
 .comment       0x00000000       0x31 ../lib/libxc.a(printf.o)
 .comment       0x00000000       0x31 ../lib/libxc.a(strncpy.o)

.debug_frame    0x00000000       0x20
 .debug_frame   0x00000000       0x20 /usr/local/lib/gcc/arm-none-eabi/4.6.3//libgcc.a(_divsi3.o)
